Mar 18 17:18:59 allan systemd-modules-load[249]: Inserted module 'lp'
Mar 18 17:18:59 allan systemd[1]: Starting Flush Journal to Persistent Storage...
Mar 18 17:18:59 allan systemd[1]: Started Load/Save Random Seed.
Mar 18 17:18:59 allan systemd-modules-load[249]: Inserted module 'ppdev'
Mar 18 17:18:59 allan systemd-modules-load[249]: Inserted module 'parport_pc'
Mar 18 17:18:59 allan systemd[1]: Started Load Kernel Modules.
Mar 18 17:18:59 allan systemd[1]: Started Create Static Device Nodes in /dev.
Mar 18 17:18:59 allan systemd[1]: Starting udev Kernel Device Manager...
Mar 18 17:18:59 allan systemd[1]: Mounting FUSE Control File System...
Mar 18 17:18:59 allan systemd[1]: Starting Apply Kernel Variables...
Mar 18 17:18:59 allan systemd[1]: Mounting Kernel Configuration File System...
Mar 18 17:18:59 allan systemd[1]: Started udev Coldplug all Devices.
Mar 18 17:18:59 allan systemd[1]: Mounted FUSE Control File System.
Mar 18 17:18:59 allan systemd[1]: Mounted Kernel Configuration File System.
Mar 18 17:18:59 allan systemd[1]: Activated swap /swapfile.
Mar 18 17:18:59 allan systemd[1]: Reached target Swap.
Mar 18 17:18:59 allan systemd[1]: Started Flush Journal to Persistent Storage.
Mar 18 17:18:59 allan systemd[1]: Started Apply Kernel Variables.
Mar 18 17:18:59 allan systemd[1]: Started Set the console keyboard layout.
Mar 18 17:18:59 allan systemd[1]: Reached target Local File Systems (Pre).
Mar 18 17:18:59 allan systemd[1]: Reached target Local File Systems.
Mar 18 17:18:59 allan systemd[1]: Starting Tell Plymouth To Write Out Runtime Data...
Mar 18 17:18:59 allan systemd[1]: Starting Commit a transient machine-id on disk...
Mar 18 17:18:59 allan systemd[1]: Starting Create Volatile Files and Directories...
Mar 18 17:18:59 allan systemd[1]: Starting Set console font and keymap...
Mar 18 17:18:59 allan systemd[1]: Starting Clean up any mess left by 0dns-up...
Mar 18 17:18:59 allan systemd[1]: Starting AppArmor initialization...
Mar 18 17:18:59 allan systemd[1]: Started Commit a transient machine-id on disk.
Mar 18 17:18:59 allan systemd[1]: Started Set console font and keymap.
Mar 18 17:18:59 allan systemd[1]: Started Tell Plymouth To Write Out Runtime Data.
Mar 18 17:18:59 allan systemd[1]: Started Create Volatile Files and Directories.
Mar 18 17:18:59 allan systemd[1]: Starting Network Name Resolution...
Mar 18 17:18:59 allan systemd[1]: Starting Update UTMP about System Boot/Shutdown...
Mar 18 17:18:59 allan systemd[1]: Starting Network Time Synchronization...
Mar 18 17:18:59 allan systemd[1]: Started Clean up any mess left by 0dns-up.
Mar 18 17:18:59 allan systemd[1]: Started Update UTMP about System Boot/Shutdown.
Mar 18 17:18:59 allan apparmor[285]:  * Starting AppArmor profiles
Mar 18 17:18:59 allan kernel: [    0.000000] Linux version 5.4.0-84-generic (buildd@lcy01-amd64-007) (gcc version 7.5.0 (Ubuntu 7.5.0-3ubuntu1~18.04)) #94~18.04.1-Ubuntu SMP Thu Aug 26 23:17:46 UTC 2021 (Ubuntu 5.4.0-84.94~18.04.1-generic 5.4.133)
Mar 18 17:18:59 allan kernel: [    0.000000] Command line: BOOT_IMAGE=/boot/vmlinuz-5.4.0-84-generic root=UUID=748db271-23f0-43f9-aeee-23bbe303443c ro quiet splash
Mar 18 17:18:59 allan kernel: [    0.000000] KERNEL supported cpus:
Mar 18 17:18:59 allan kernel: [    0.000000]   Intel GenuineIntel
Mar 18 17:18:59 allan kernel: [    0.000000]   AMD AuthenticAMD
Mar 18 17:18:59 allan kernel: [    0.000000]   Hygon HygonGenuine
Mar 18 17:18:59 allan kernel: [    0.000000]   Centaur CentaurHauls
Mar 18 17:18:59 allan kernel: [    0.000000]   zhaoxin   Shanghai  
Mar 18 17:18:59 allan kernel: [    0.000000] [Firmware Bug]: TSC doesn't count with P0 frequency!
Mar 18 17:18:59 allan kernel: [    0.000000] x86/fpu: Supporting XSAVE feature 0x001: 'x87 floating point registers'
Mar 18 17:18:59 allan kernel: [    0.000000] x86/fpu: Supporting XSAVE feature 0x002: 'SSE registers'
Mar 18 17:18:59 allan kernel: [    0.000000] x86/fpu: Supporting XSAVE feature 0x004: 'AVX registers'
Mar 18 17:18:59 allan kernel: [    0.000000] x86/fpu: xstate_offset[2]:  576, xstate_sizes[2]:  256
Mar 18 17:18:59 allan kernel: [    0.000000] x86/fpu: Enabled xstate features 0x7, context size is 832 bytes, using 'standard' format.
Mar 18 17:18:59 allan kernel: [    0.000000] BIOS-provided physical RAM map:
Mar 18 17:18:59 allan kernel: [    0.000000] BIOS-e820: [mem 0x0000000000000000-0x000000000009fbff] usable
Mar 18 17:18:59 allan kernel: [    0.000000] BIOS-e820: [mem 0x000000000009fc00-0x000000000009ffff] reserved
Mar 18 17:18:59 allan kernel: [    0.000000] BIOS-e820: [mem 0x00000000000f0000-0x00000000000fffff] reserved
Mar 18 17:18:59 allan kernel: [    0.000000] BIOS-e820: [mem 0x0000000000100000-0x00000000dffeffff] usable
Mar 18 17:18:59 allan kernel: [    0.000000] BIOS-e820: [mem 0x00000000dfff0000-0x00000000dfffffff] ACPI data
Mar 18 17:18:59 allan kernel: [    0.000000] BIOS-e820: [mem 0x00000000fec00000-0x00000000fec00fff] reserved
Mar 18 17:18:59 allan kernel: [    0.000000] BIOS-e820: [mem 0x00000000fee00000-0x00000000fee00fff] reserved
Mar 18 17:18:59 allan kernel: [    0.000000] BIOS-e820: [mem 0x00000000fffc0000-0x00000000ffffffff] reserved
Mar 18 17:18:59 allan kernel: [    0.000000] BIOS-e820: [mem 0x0000000100000000-0x000000011fffffff] usable
Mar 18 17:18:59 allan kernel: [    0.000000] NX (Execute Disable) protection: active
Mar 18 17:18:59 allan kernel: [    0.000000] SMBIOS 2.5 present.
Mar 18 17:18:59 allan kernel: [    0.000000] DMI: innotek GmbH VirtualBox/VirtualBox, BIOS VirtualBox 12/01/2006
Mar 18 17:18:59 allan kernel: [    0.000000] Hypervisor detected: KVM
Mar 18 17:18:59 allan kernel: [    0.000000] kvm-clock: Using msrs 4b564d01 and 4b564d00
Mar 18 17:18:59 allan kernel: [    0.000000] kvm-clock: cpu 0, msr 16601001, primary cpu clock
Mar 18 17:18:59 allan kernel: [    0.000000] kvm-clock: using sched offset of 3780971146 cycles
Mar 18 17:18:59 allan kernel: [    0.000004] clocksource: kvm-clock: mask: 0xffffffffffffffff max_cycles: 0x1cd42e4dffb, max_idle_ns: 881590591483 ns
Mar 18 17:18:59 allan kernel: [    0.000008] tsc: Detected 3399.996 MHz processor
Mar 18 17:18:59 allan kernel: [    0.003334] e820: update [mem 0x00000000-0x00000fff] usable ==> reserved
Mar 18 17:18:59 allan kernel: [    0.003337] e820: remove [mem 0x000a0000-0x000fffff] usable
Mar 18 17:18:59 allan kernel: [    0.003343] last_pfn = 0x120000 max_arch_pfn = 0x400000000
Mar 18 17:18:59 allan kernel: [    0.003362] MTRR default type: uncachable
Mar 18 17:18:59 allan kernel: [    0.003362] MTRR variable ranges disabled:
Mar 18 17:18:59 allan kernel: [    0.003365] Disabled
Mar 18 17:18:59 allan kernel: [    0.003366] x86/PAT: MTRRs disabled, skipping PAT initialization too.
Mar 18 17:18:59 allan kernel: [    0.003368] CPU MTRRs all blank - virtualized system.
Mar 18 17:18:59 allan kernel: [    0.003370] x86/PAT: Configuration [0-7]: WB  WT  UC- UC  WB  WT  UC- UC  
Mar 18 17:18:59 allan kernel: [    0.003375] last_pfn = 0xdfff0 max_arch_pfn = 0x400000000
Mar 18 17:18:59 allan kernel: [    0.003408] found SMP MP-table at [mem 0x0009fff0-0x0009ffff]
Mar 18 17:18:59 allan kernel: [    0.096240] check: Scanning 1 areas for low memory corruption
Mar 18 17:18:59 allan kernel: [    0.096888] RAMDISK: [mem 0x32d61000-0x356a7fff]
Mar 18 17:18:59 allan kernel: [    0.096896] ACPI: Early table checksum verification disabled
Mar 18 17:18:59 allan kernel: [    0.096901] ACPI: RSDP 0x00000000000E0000 000024 (v02 VBOX  )
Mar 18 17:18:59 allan kernel: [    0.096905] ACPI: XSDT 0x00000000DFFF0030 00003C (v01 VBOX   VBOXXSDT 00000001 ASL  00000061)
Mar 18 17:18:59 allan kernel: [    0.096911] ACPI: FACP 0x00000000DFFF00F0 0000F4 (v04 VBOX   VBOXFACP 00000001 ASL  00000061)
Mar 18 17:18:59 allan kernel: [    0.096917] ACPI: DSDT 0x00000000DFFF0620 002353 (v02 VBOX   VBOXBIOS 00000002 INTL 20100528)
Mar 18 17:18:59 allan kernel: [    0.096920] ACPI: FACS 0x00000000DFFF0200 000040
Mar 18 17:18:59 allan kernel: [    0.096922] ACPI: FACS 0x00000000DFFF0200 000040
Mar 18 17:18:59 allan kernel: [    0.096925] ACPI: APIC 0x00000000DFFF0240 00006C (v02 VBOX   VBOXAPIC 00000001 ASL  00000061)
Mar 18 17:18:59 allan kernel: [    0.096928] ACPI: SSDT 0x00000000DFFF02B0 00036C (v01 VBOX   VBOXCPUT 00000002 INTL 20100528)
Mar 18 17:18:59 allan kernel: [    0.096931] ACPI: Reserving FACP table memory at [mem 0xdfff00f0-0xdfff01e3]
Mar 18 17:18:59 allan kernel: [    0.096932] ACPI: Reserving DSDT table memory at [mem 0xdfff0620-0xdfff2972]
Mar 18 17:18:59 allan kernel: [    0.096932] ACPI: Reserving FACS table memory at [mem 0xdfff0200-0xdfff023f]
Mar 18 17:18:59 allan kernel: [    0.096933] ACPI: Reserving FACS table memory at [mem 0xdfff0200-0xdfff023f]
Mar 18 17:18:59 allan kernel: [    0.096934] ACPI: Reserving APIC table memory at [mem 0xdfff0240-0xdfff02ab]
Mar 18 17:18:59 allan kernel: [    0.096934] ACPI: Reserving SSDT table memory at [mem 0xdfff02b0-0xdfff061b]
Mar 18 17:18:59 allan kernel: [    0.096947] ACPI: Local APIC address 0xfee00000
Mar 18 17:18:59 allan kernel: [    0.097225] No NUMA configuration found
Mar 18 17:18:59 allan kernel: [    0.097226] Faking a node at [mem 0x0000000000000000-0x000000011fffffff]
Mar 18 17:18:59 allan kernel: [    0.097235] NODE_DATA(0) allocated [mem 0x11ffd1000-0x11fffbfff]
Mar 18 17:18:59 allan kernel: [    0.097940] Zone ranges:
Mar 18 17:18:59 allan kernel: [    0.097942]   DMA      [mem 0x0000000000001000-0x0000000000ffffff]
Mar 18 17:18:59 allan kernel: [    0.097943]   DMA32    [mem 0x0000000001000000-0x00000000ffffffff]
Mar 18 17:18:59 allan kernel: [    0.097944]   Normal   [mem 0x0000000100000000-0x000000011fffffff]
Mar 18 17:18:59 allan kernel: [    0.097945]   Device   empty
Mar 18 17:18:59 allan kernel: [    0.097946] Movable zone start for each node
Mar 18 17:18:59 allan kernel: [    0.097949] Early memory node ranges
Mar 18 17:18:59 allan kernel: [    0.097950]   node   0: [mem 0x0000000000001000-0x000000000009efff]
Mar 18 17:18:59 allan kernel: [    0.097951]   node   0: [mem 0x0000000000100000-0x00000000dffeffff]
Mar 18 17:18:59 allan kernel: [    0.097952]   node   0: [mem 0x0000000100000000-0x000000011fffffff]
Mar 18 17:18:59 allan kernel: [    0.098808] Zeroed struct page in unavailable ranges: 114 pages
Mar 18 17:18:59 allan kernel: [    0.098809] Initmem setup node 0 [mem 0x0000000000001000-0x000000011fffffff]
Mar 18 17:18:59 allan kernel: [    0.098811] On node 0 totalpages: 1048462
Mar 18 17:18:59 allan kernel: [    0.098812]   DMA zone: 64 pages used for memmap
Mar 18 17:18:59 allan kernel: [    0.098813]   DMA zone: 21 pages reserved
Mar 18 17:18:59 allan kernel: [    0.098814]   DMA zone: 3998 pages, LIFO batch:0
Mar 18 17:18:59 allan kernel: [    0.098866]   DMA32 zone: 14272 pages used for memmap
Mar 18 17:18:59 allan kernel: [    0.098867]   DMA32 zone: 913392 pages, LIFO batch:63
Mar 18 17:18:59 allan kernel: [    0.126189]   Normal zone: 2048 pages used for memmap
Mar 18 17:18:59 allan kernel: [    0.126193]   Normal zone: 131072 pages, LIFO batch:31
Mar 18 17:18:59 allan kernel: [    0.130352] ACPI: PM-Timer IO Port: 0x4008
Mar 18 17:18:59 allan kernel: [    0.130356] ACPI: Local APIC address 0xfee00000
Mar 18 17:18:59 allan kernel: [    0.130422] IOAPIC[0]: apic_id 4, version 32, address 0xfec00000, GSI 0-23
Mar 18 17:18:59 allan kernel: [    0.130425] ACPI: INT_SRC_OVR (bus 0 bus_irq 0 global_irq 2 dfl dfl)
Mar 18 17:18:59 allan kernel: [    0.130427] ACPI: INT_SRC_OVR (bus 0 bus_irq 9 global_irq 9 low level)
Mar 18 17:18:59 allan kernel: [    0.130428] ACPI: IRQ0 used by override.
Mar 18 17:18:59 allan kernel: [    0.130429] ACPI: IRQ9 used by override.
Mar 18 17:18:59 allan kernel: [    0.130431] Using ACPI (MADT) for SMP configuration information
Mar 18 17:18:59 allan kernel: [    0.130438] smpboot: Allowing 4 CPUs, 0 hotplug CPUs
Mar 18 17:18:59 allan kernel: [    0.130463] PM: Registered nosave memory: [mem 0x00000000-0x00000fff]
Mar 18 17:18:59 allan kernel: [    0.130465] PM: Registered nosave memory: [mem 0x0009f000-0x0009ffff]
Mar 18 17:18:59 allan kernel: [    0.130465] PM: Registered nosave memory: [mem 0x000a0000-0x000effff]
Mar 18 17:18:59 allan kernel: [    0.130466] PM: Registered nosave memory: [mem 0x000f0000-0x000fffff]
Mar 18 17:18:59 allan kernel: [    0.130467] PM: Registered nosave memory: [mem 0xdfff0000-0xdfffffff]
Mar 18 17:18:59 allan kernel: [    0.130468] PM: Registered nosave memory: [mem 0xe0000000-0xfebfffff]
Mar 18 17:18:59 allan kernel: [    0.130468] PM: Registered nosave memory: [mem 0xfec00000-0xfec00fff]
Mar 18 17:18:59 allan kernel: [    0.130469] PM: Registered nosave memory: [mem 0xfec01000-0xfedfffff]
Mar 18 17:18:59 allan kernel: [    0.130469] PM: Registered nosave memory: [mem 0xfee00000-0xfee00fff]
Mar 18 17:18:59 allan kernel: [    0.130470] PM: Registered nosave memory: [mem 0xfee01000-0xfffbffff]
Mar 18 17:18:59 allan kernel: [    0.130470] PM: Registered nosave memory: [mem 0xfffc0000-0xffffffff]
Mar 18 17:18:59 allan kernel: [    0.130472] [mem 0xe0000000-0xfebfffff] available for PCI devices
Mar 18 17:18:59 allan kernel: [    0.130473] Booting paravirtualized kernel on KVM
Mar 18 17:18:59 allan kernel: [    0.130476] clocksource: refined-jiffies: mask: 0xffffffff max_cycles: 0xffffffff, max_idle_ns: 7645519600211568 ns
Mar 18 17:18:59 allan kernel: [    0.130481] setup_percpu: NR_CPUS:8192 nr_cpumask_bits:4 nr_cpu_ids:4 nr_node_ids:1
Mar 18 17:18:59 allan kernel: [    0.131107] percpu: Embedded 55 pages/cpu s188416 r8192 d28672 u524288
Mar 18 17:18:59 allan kernel: [    0.131113] pcpu-alloc: s188416 r8192 d28672 u524288 alloc=1*2097152
Mar 18 17:18:59 allan kernel: [    0.131114] pcpu-alloc: [0] 0 1 2 3 
Mar 18 17:18:59 allan kernel: [    0.131141] PV qspinlock hash table entries: 256 (order: 0, 4096 bytes, linear)
Mar 18 17:18:59 allan kernel: [    0.131147] Built 1 zonelists, mobility grouping on.  Total pages: 1032057
Mar 18 17:18:59 allan kernel: [    0.131147] Policy zone: Normal
Mar 18 17:18:59 allan kernel: [    0.131149] Kernel command line: BOOT_IMAGE=/boot/vmlinuz-5.4.0-84-generic root=UUID=748db271-23f0-43f9-aeee-23bbe303443c ro quiet splash
Mar 18 17:18:59 allan kernel: [    0.132411] Dentry cache hash table entries: 524288 (order: 10, 4194304 bytes, linear)
Mar 18 17:18:59 allan kernel: [    0.133149] Inode-cache hash table entries: 262144 (order: 9, 2097152 bytes, linear)
Mar 18 17:18:59 allan kernel: [    0.133214] mem auto-init: stack:off, heap alloc:on, heap free:off
Mar 18 17:18:59 allan kernel: [    0.147651] Calgary: detecting Calgary via BIOS EBDA area
Mar 18 17:18:59 allan kernel: [    0.147655] Calgary: Unable to locate Rio Grande table in EBDA - bailing!
Mar 18 17:18:59 allan kernel: [    0.158779] Memory: 3979952K/4193848K available (14339K kernel code, 2381K rwdata, 4984K rodata, 2716K init, 5004K bss, 213896K reserved, 0K cma-reserved)
Mar 18 17:18:59 allan kernel: [    0.158790] random: get_random_u64 called from __kmem_cache_create+0x41/0x550 with crng_init=0
Mar 18 17:18:59 allan kernel: [    0.159568] SLUB: HWalign=64, Order=0-3, MinObjects=0, CPUs=4, Nodes=1
Mar 18 17:18:59 allan kernel: [    0.159583] ftrace: allocating 44320 entries in 174 pages
Mar 18 17:18:59 allan kernel: [    0.177494] rcu: Hierarchical RCU implementation.
Mar 18 17:18:59 allan kernel: [    0.177496] rcu: 	RCU restricting CPUs from NR_CPUS=8192 to nr_cpu_ids=4.
Mar 18 17:18:59 allan kernel: [    0.177497] 	Tasks RCU enabled.
Mar 18 17:18:59 allan kernel: [    0.177498] rcu: RCU calculated value of scheduler-enlistment delay is 25 jiffies.
Mar 18 17:18:59 allan kernel: [    0.177499] rcu: Adjusting geometry for rcu_fanout_leaf=16, nr_cpu_ids=4
Mar 18 17:18:59 allan kernel: [    0.180283] NR_IRQS: 524544, nr_irqs: 456, preallocated irqs: 16
Mar 18 17:18:59 allan kernel: [    0.180735] random: crng done (trusting CPU's manufacturer)
Mar 18 17:18:59 allan kernel: [    0.190768] Console: colour VGA+ 80x25
Mar 18 17:18:59 allan kernel: [    0.190790] printk: console [tty0] enabled
Mar 18 17:18:59 allan kernel: [    0.190829] ACPI: Core revision 20190816
Mar 18 17:18:59 allan kernel: [    0.190966] APIC: Switch to symmetric I/O mode setup
Mar 18 17:18:59 allan kernel: [    0.191231] x2apic enabled
Mar 18 17:18:59 allan kernel: [    0.191510] Switched APIC routing to physical x2apic.
Mar 18 17:18:59 allan kernel: [    0.192785] ..TIMER: vector=0x30 apic1=0 pin1=2 apic2=-1 pin2=-1
Mar 18 17:18:59 allan kernel: [    0.192811] clocksource: tsc-early: mask: 0xffffffffffffffff max_cycles: 0x31024b3bec5, max_idle_ns: 440795366697 ns
Mar 18 17:18:59 allan kernel: [    0.192816] Calibrating delay loop (skipped) preset value.. 6799.99 BogoMIPS (lpj=13599984)
Mar 18 17:18:59 allan kernel: [    0.192818] pid_max: default: 32768 minimum: 301
Mar 18 17:18:59 allan kernel: [    0.192875] LSM: Security Framework initializing
Mar 18 17:18:59 allan kernel: [    0.192885] Yama: becoming mindful.
Mar 18 17:18:59 allan kernel: [    0.192910] AppArmor: AppArmor initialized
Mar 18 17:18:59 allan kernel: [    0.192948] Mount-cache hash table entries: 8192 (order: 4, 65536 bytes, linear)
Mar 18 17:18:59 allan kernel: [    0.192954] Mountpoint-cache hash table entries: 8192 (order: 4, 65536 bytes, linear)
Mar 18 17:18:59 allan kernel: [    0.192968] *** VALIDATE tmpfs ***
Mar 18 17:18:59 allan kernel: [    0.193111] *** VALIDATE proc ***
Mar 18 17:18:59 allan kernel: [    0.193161] *** VALIDATE cgroup1 ***
Mar 18 17:18:59 allan kernel: [    0.193162] *** VALIDATE cgroup2 ***
Mar 18 17:18:59 allan kernel: [    0.193286] Last level iTLB entries: 4KB 1024, 2MB 1024, 4MB 512
Mar 18 17:18:59 allan kernel: [    0.193287] Last level dTLB entries: 4KB 1536, 2MB 1536, 4MB 768, 1GB 0
Mar 18 17:18:59 allan kernel: [    0.193290] Spectre V1 : Mitigation: usercopy/swapgs barriers and __user pointer sanitization
Mar 18 17:18:59 allan kernel: [    0.193291] Spectre V2 : Mitigation: Full AMD retpoline
Mar 18 17:18:59 allan kernel: [    0.193291] Spectre V2 : Spectre v2 / SpectreRSB mitigation: Filling RSB on context switch
Mar 18 17:18:59 allan kernel: [    0.193914] Freeing SMP alternatives memory: 40K
Mar 18 17:18:59 allan kernel: [    0.305662] smpboot: CPU0: AMD Ryzen 5 2600 Six-Core Processor (family: 0x17, model: 0x8, stepping: 0x2)
Mar 18 17:18:59 allan kernel: [    0.306325] Performance Events: PMU not available due to virtualization, using software events only.
Mar 18 17:18:59 allan kernel: [    0.306402] rcu: Hierarchical SRCU implementation.
Mar 18 17:18:59 allan systemd[1]: Started udev Kernel Device Manager.
Mar 18 17:18:59 allan kernel: [    0.307068] NMI watchdog: Perf NMI watchdog permanently disabled
Mar 18 17:18:59 allan kernel: [    0.307126] smp: Bringing up secondary CPUs ...
Mar 18 17:18:59 allan kernel: [    0.307224] x86: Booting SMP configuration:
Mar 18 17:18:59 allan kernel: [    0.307226] .... node  #0, CPUs:      #1
Mar 18 17:18:59 allan kernel: [    0.016172] kvm-clock: cpu 1, msr 16601041, secondary cpu clock
Mar 18 17:18:59 allan kernel: [    0.308929]  #2
Mar 18 17:18:59 allan kernel: [    0.016172] kvm-clock: cpu 2, msr 16601081, secondary cpu clock
Mar 18 17:18:59 allan kernel: [    0.311317]  #3
Mar 18 17:18:59 allan kernel: [    0.016172] kvm-clock: cpu 3, msr 166010c1, secondary cpu clock
Mar 18 17:18:59 allan kernel: [    0.312877] smp: Brought up 1 node, 4 CPUs
Mar 18 17:18:59 allan kernel: [    0.312878] smpboot: Max logical packages: 1
Mar 18 17:18:59 allan kernel: [    0.312879] smpboot: Total of 4 processors activated (27199.96 BogoMIPS)
Mar 18 17:18:59 allan kernel: [    0.313145] devtmpfs: initialized
Mar 18 17:18:59 allan kernel: [    0.313145] x86/mm: Memory block size: 128MB
Mar 18 17:18:59 allan kernel: [    0.313266] clocksource: jiffies: mask: 0xffffffff max_cycles: 0xffffffff, max_idle_ns: 7645041785100000 ns
Mar 18 17:18:59 allan kernel: [    0.313266] futex hash table entries: 1024 (order: 4, 65536 bytes, linear)
Mar 18 17:18:59 allan kernel: [    0.313266] pinctrl core: initialized pinctrl subsystem
Mar 18 17:18:59 allan kernel: [    0.313266] PM: RTC time: 09:18:55, date: 2024-03-18
Mar 18 17:18:59 allan systemd[1]: Starting Show Plymouth Boot Screen...
Mar 18 17:18:59 allan systemd[1]: Started Network Time Synchronization.
Mar 18 17:18:59 allan systemd[1]: Reached target System Time Synchronized.
Mar 18 17:18:59 allan systemd-resolved[297]: Positive Trust Anchors:
Mar 18 17:18:59 allan systemd-resolved[297]: . IN DS 19036 8 2 49aac11d7b6f6446702e54a1607371607a1a41855200fd2ce1cdde32f24e8fb5
Mar 18 17:18:59 allan systemd-resolved[297]: . IN DS 20326 8 2 e06d44b80b8f1d39a95c0b0d7c65d08458e880409bbc683457104237c7f8ec8d
Mar 18 17:18:59 allan systemd-resolved[297]: Negative trust anchors: 10.in-addr.arpa 16.172.in-addr.arpa 17.172.in-addr.arpa 18.172.in-addr.arpa 19.172.in-addr.arpa 20.172.in-addr.arpa 21.172.in-addr.arpa 22.172.in-addr.arpa 23.172.in-addr.arpa 24.172.in-addr.arpa 25.172.in-addr.arpa 26.172.in-addr.arpa 27.172.in-addr.arpa 28.172.in-addr.arpa 29.172.in-addr.arpa 30.172.in-addr.arpa 31.172.in-addr.arpa 168.192.in-addr.arpa d.f.ip6.arpa corp home internal intranet lan local private test
Mar 18 17:18:59 allan systemd-resolved[297]: Using system hostname 'allan'.
Mar 18 17:18:59 allan systemd[1]: Started Network Name Resolution.
Mar 18 17:18:59 allan systemd[1]: Reached target Host and Network Name Lookups.
Mar 18 17:18:59 allan systemd[1]: Started Show Plymouth Boot Screen.
Mar 18 17:18:59 allan systemd[1]: Reached target Local Encrypted Volumes.
Mar 18 17:18:59 allan systemd[1]: Started Forward Password Requests to Plymouth Directory Watch.
Mar 18 17:18:59 allan apparmor[285]: Skipping profile in /etc/apparmor.d/disable: usr.bin.firefox
Mar 18 17:18:59 allan systemd-udevd[311]: link_config: autonegotiation is unset or enabled, the speed and duplex are not writable.
Mar 18 17:18:59 allan apparmor[285]: Skipping profile in /etc/apparmor.d/disable: usr.sbin.rsyslogd
Mar 18 17:18:59 allan apparmor[285]:    ...done.
Mar 18 17:18:59 allan systemd[1]: Started AppArmor initialization.
Mar 18 17:18:59 allan systemd[1]: Starting Raise network interfaces...
Mar 18 17:18:59 allan systemd[1]: Starting Load AppArmor profiles managed internally by snapd...
Mar 18 17:18:59 allan mtp-probe: checking bus 2, device 2: "/sys/devices/pci0000:00/0000:00:06.0/usb2/2-1"
Mar 18 17:18:59 allan mtp-probe: bus: 2, device: 2 was not an MTP device
Mar 18 17:18:59 allan snapd-apparmor[396]: find: ‘/var/lib/snapd/apparmor/profiles/’: No such file or directory
Mar 18 17:18:59 allan systemd[1]: Started Load AppArmor profiles managed internally by snapd.
Mar 18 17:18:59 allan systemd[1]: Reached target System Initialization.
Mar 18 17:18:59 allan systemd[1]: Started Daily Cleanup of Temporary Directories.
Mar 18 17:18:59 allan systemd[1]: Listening on Avahi mDNS/DNS-SD Stack Activation Socket.
Mar 18 17:18:59 allan systemd[1]: Listening on UUID daemon activation socket.
Mar 18 17:18:59 allan systemd[1]: Listening on D-Bus System Message Bus Socket.
Mar 18 17:18:59 allan systemd[1]: Started Message of the Day.
Mar 18 17:18:59 allan systemd[1]: Started Daily apt download activities.
Mar 18 17:18:59 allan systemd[1]: Started Daily apt upgrade and clean activities.
Mar 18 17:18:59 allan systemd[1]: Started ACPI Events Check.
Mar 18 17:18:59 allan systemd[1]: Listening on CUPS Scheduler.
Mar 18 17:18:59 allan systemd[1]: Started Discard unused blocks once a week.
Mar 18 17:18:59 allan systemd[1]: Listening on ACPID Listen Socket.
Mar 18 17:18:59 allan systemd[1]: Starting Socket activation for snappy daemon.
Mar 18 17:18:59 allan systemd[1]: Started Ubuntu Advantage update messaging.
Mar 18 17:18:59 allan systemd[1]: Started Trigger anacron every hour.
Mar 18 17:18:59 allan systemd[1]: Reached target Timers.
Mar 18 17:18:59 allan systemd[1]: Started CUPS Scheduler.
Mar 18 17:18:59 allan systemd[1]: Reached target Paths.
Mar 18 17:18:59 allan systemd[1]: Listening on Socket activation for snappy daemon.
Mar 18 17:18:59 allan systemd[1]: Reached target Sockets.
Mar 18 17:18:59 allan systemd[1]: Reached target Basic System.
Mar 18 17:18:59 allan systemd[1]: Starting LSB: automatic crash report generation...
Mar 18 17:18:59 allan systemd[1]: Starting Modem Manager...
Mar 18 17:18:59 allan systemd[1]: Starting LSB: Speech Dispatcher...
Mar 18 17:18:59 allan systemd[1]: Started CUPS Scheduler.
Mar 18 17:18:59 allan systemd[1]: Starting LSB: Record successful boot for GRUB...
Mar 18 17:18:59 allan systemd[1]: Reached target Login Prompts.
Mar 18 17:18:59 allan systemd[1]: Starting Accounts Service...
Mar 18 17:18:59 allan systemd[1]: Starting Restore /etc/resolv.conf if the system crashed before the ppp link was shut down...
Mar 18 17:18:59 allan systemd[1]: Started irqbalance daemon.
Mar 18 17:18:59 allan systemd[1]: Starting Dispatcher daemon for systemd-networkd...
Mar 18 17:18:59 allan systemd[1]: Starting Thermal Daemon Service...
Mar 18 17:18:59 allan systemd[1]: Starting Login Service...
Mar 18 17:18:59 allan systemd[1]: Started ACPI event daemon.
Mar 18 17:18:59 allan systemd[1]: Started Regular background program processing daemon.
Mar 18 17:18:59 allan cron[451]: (CRON) INFO (pidfile fd = 3)
Mar 18 17:18:59 allan systemd[1]: Starting Avahi mDNS/DNS-SD Stack...
Mar 18 17:18:59 allan cron[451]: (CRON) INFO (Running @reboot jobs)
Mar 18 17:18:59 allan systemd[1]: Starting Detect the available GPUs and deal with any system changes...
Mar 18 17:18:59 allan ModemManager[417]: <info>  ModemManager (version 1.10.0) starting in system bus...
Mar 18 17:18:59 allan avahi-daemon[455]: Found user 'avahi' (UID 115) and group 'avahi' (GID 120).
Mar 18 17:18:59 allan avahi-daemon[455]: Successfully dropped root privileges.
Mar 18 17:18:59 allan avahi-daemon[455]: avahi-daemon 0.7 starting up.
Mar 18 17:18:59 allan systemd[1]: Starting Snap Daemon...
Mar 18 17:18:59 allan systemd[1]: Starting Disk Manager...
Mar 18 17:18:59 allan systemd[1]: Starting System Logging Service...
Mar 18 17:18:59 allan udisksd[472]: udisks daemon version 2.7.6 starting
Mar 18 17:18:59 allan systemd[1]: Started D-Bus System Message Bus.
Mar 18 17:18:59 allan rsyslogd: imuxsock: Acquired UNIX socket '/run/systemd/journal/syslog' (fd 3) from systemd.  [v8.32.0]
Mar 18 17:18:59 allan rsyslogd: rsyslogd's groupid changed to 106
Mar 18 17:18:59 allan rsyslogd: rsyslogd's userid changed to 102
Mar 18 17:18:59 allan rsyslogd:  [origin software="rsyslogd" swVersion="8.32.0" x-pid="488" x-info="http://www.rsyslog.com"] start
Mar 18 17:18:59 allan kernel: [    0.313266] NET: Registered protocol family 16
Mar 18 17:18:59 allan kernel: [    0.313284] audit: initializing netlink subsys (disabled)
Mar 18 17:18:59 allan kernel: [    0.313295] audit: type=2000 audit(1710753539.358:1): state=initialized audit_enabled=0 res=1
Mar 18 17:18:59 allan kernel: [    0.313295] EISA bus registered
Mar 18 17:18:59 allan kernel: [    0.313295] cpuidle: using governor ladder
Mar 18 17:18:59 allan kernel: [    0.313295] cpuidle: using governor menu
Mar 18 17:18:59 allan kernel: [    0.313295] ACPI: bus type PCI registered
Mar 18 17:18:59 allan kernel: [    0.313295] acpiphp: ACPI Hot Plug PCI Controller Driver version: 0.5
Mar 18 17:18:59 allan kernel: [    0.313295] PCI: Using configuration type 1 for base access
Mar 18 17:18:59 allan kernel: [    0.313295] PCI: Using configuration type 1 for extended access
Mar 18 17:18:59 allan kernel: [    0.318500] HugeTLB registered 2.00 MiB page size, pre-allocated 0 pages
Mar 18 17:18:59 allan kernel: [    0.320913] ACPI: Added _OSI(Module Device)
Mar 18 17:18:59 allan kernel: [    0.320914] ACPI: Added _OSI(Processor Device)
Mar 18 17:18:59 allan kernel: [    0.320915] ACPI: Added _OSI(3.0 _SCP Extensions)
Mar 18 17:18:59 allan kernel: [    0.320916] ACPI: Added _OSI(Processor Aggregator Device)
Mar 18 17:18:59 allan kernel: [    0.320917] ACPI: Added _OSI(Linux-Dell-Video)
Mar 18 17:18:59 allan kernel: [    0.320917] ACPI: Added _OSI(Linux-Lenovo-NV-HDMI-Audio)
Mar 18 17:18:59 allan kernel: [    0.320918] ACPI: Added _OSI(Linux-HPI-Hybrid-Graphics)
Mar 18 17:18:59 allan kernel: [    0.325583] ACPI: 2 ACPI AML tables successfully acquired and loaded
Mar 18 17:18:59 allan kernel: [    0.327501] ACPI: Interpreter enabled
Mar 18 17:18:59 allan kernel: [    0.327513] ACPI: (supports S0 S5)
Mar 18 17:18:59 allan kernel: [    0.327514] ACPI: Using IOAPIC for interrupt routing
Mar 18 17:18:59 allan kernel: [    0.327799] PCI: Using host bridge windows from ACPI; if necessary, use "pci=nocrs" and report a bug
Mar 18 17:18:59 allan kernel: [    0.327966] ACPI: Enabled 2 GPEs in block 00 to 07
Mar 18 17:18:59 allan kernel: [    0.333930] ACPI: PCI Root Bridge [PCI0] (domain 0000 [bus 00-ff])
Mar 18 17:18:59 allan kernel: [    0.333938] acpi PNP0A03:00: _OSC: OS supports [ExtendedConfig ASPM ClockPM Segments MSI HPX-Type3]
Mar 18 17:18:59 allan kernel: [    0.335175] acpi PNP0A03:00: _OSC: platform does not support [PCIeCapability LTR]
Mar 18 17:18:59 allan kernel: [    0.335762] acpi PNP0A03:00: _OSC: not requesting control; platform does not support [PCIeCapability]
Mar 18 17:18:59 allan kernel: [    0.335764] acpi PNP0A03:00: _OSC: OS requested [PCIeHotplug SHPCHotplug PME AER PCIeCapability LTR]
Mar 18 17:18:59 allan kernel: [    0.335766] acpi PNP0A03:00: _OSC: platform willing to grant [PCIeHotplug SHPCHotplug PME AER]
Mar 18 17:18:59 allan kernel: [    0.335767] acpi PNP0A03:00: _OSC failed (AE_SUPPORT); disabling ASPM
Mar 18 17:18:59 allan kernel: [    0.336235] PCI host bridge to bus 0000:00
Mar 18 17:18:59 allan kernel: [    0.336237] pci_bus 0000:00: root bus resource [io  0x0000-0x0cf7 window]
Mar 18 17:18:59 allan kernel: [    0.336239] pci_bus 0000:00: root bus resource [io  0x0d00-0xffff window]
Mar 18 17:18:59 allan kernel: [    0.336240] pci_bus 0000:00: root bus resource [mem 0x000a0000-0x000bffff window]
Mar 18 17:18:59 allan kernel: [    0.336241] pci_bus 0000:00: root bus resource [mem 0xe0000000-0xfdffffff window]
Mar 18 17:18:59 allan kernel: [    0.336242] pci_bus 0000:00: root bus resource [bus 00-ff]
Mar 18 17:18:59 allan kernel: [    0.336289] pci 0000:00:00.0: [8086:1237] type 00 class 0x060000
Mar 18 17:18:59 allan kernel: [    0.337434] pci 0000:00:01.0: [8086:7000] type 00 class 0x060100
Mar 18 17:18:59 allan kernel: [    0.338266] pci 0000:00:01.1: [8086:7111] type 00 class 0x01018a
Mar 18 17:18:59 allan kernel: [    0.338661] pci 0000:00:01.1: reg 0x20: [io  0xd000-0xd00f]
Mar 18 17:18:59 allan kernel: [    0.338815] pci 0000:00:01.1: legacy IDE quirk: reg 0x10: [io  0x01f0-0x01f7]
Mar 18 17:18:59 allan kernel: [    0.338816] pci 0000:00:01.1: legacy IDE quirk: reg 0x14: [io  0x03f6]
Mar 18 17:18:59 allan kernel: [    0.338817] pci 0000:00:01.1: legacy IDE quirk: reg 0x18: [io  0x0170-0x0177]
Mar 18 17:18:59 allan kernel: [    0.338818] pci 0000:00:01.1: legacy IDE quirk: reg 0x1c: [io  0x0376]
Mar 18 17:18:59 allan kernel: [    0.339442] pci 0000:00:02.0: [15ad:0405] type 00 class 0x030000
Mar 18 17:18:59 allan kernel: [    0.340813] pci 0000:00:02.0: reg 0x10: [io  0xd010-0xd01f]
Mar 18 17:18:59 allan kernel: [    0.341111] pci 0000:00:02.0: reg 0x14: [mem 0xe0000000-0xe0ffffff pref]
Mar 18 17:18:59 allan kernel: [    0.343562] pci 0000:00:02.0: reg 0x18: [mem 0xf0000000-0xf01fffff]
Mar 18 17:18:59 allan kernel: [    0.348846] pci 0000:00:03.0: [8086:100e] type 00 class 0x020000
Mar 18 17:18:59 allan kernel: [    0.351157] pci 0000:00:03.0: reg 0x10: [mem 0xf0200000-0xf021ffff]
Mar 18 17:18:59 allan kernel: [    0.352957] pci 0000:00:03.0: reg 0x18: [io  0xd020-0xd027]
Mar 18 17:18:59 allan kernel: [    0.360083] pci 0000:00:04.0: [80ee:cafe] type 00 class 0x088000
Mar 18 17:18:59 allan kernel: [    0.360953] pci 0000:00:04.0: reg 0x10: [io  0xd040-0xd05f]
Mar 18 17:18:59 allan kernel: [    0.363365] pci 0000:00:04.0: reg 0x14: [mem 0xf0400000-0xf07fffff]
Mar 18 17:18:59 allan kernel: [    0.364813] pci 0000:00:04.0: reg 0x18: [mem 0xf0800000-0xf0803fff pref]
Mar 18 17:18:59 allan kernel: [    0.369699] pci 0000:00:05.0: [8086:2415] type 00 class 0x040100
Mar 18 17:18:59 allan kernel: [    0.369852] pci 0000:00:05.0: reg 0x10: [io  0xd100-0xd1ff]
Mar 18 17:18:59 allan kernel: [    0.369918] pci 0000:00:05.0: reg 0x14: [io  0xd200-0xd23f]
Mar 18 17:18:59 allan kernel: [    0.370799] pci 0000:00:06.0: [106b:003f] type 00 class 0x0c0310
Mar 18 17:18:59 allan kernel: [    0.372813] pci 0000:00:06.0: reg 0x10: [mem 0xf0804000-0xf0804fff]
Mar 18 17:18:59 allan kernel: [    0.380813] pci 0000:00:07.0: [8086:7113] type 00 class 0x068000
Mar 18 17:18:59 allan kernel: [    0.380927] pci 0000:00:07.0: quirk: [io  0x4000-0x403f] claimed by PIIX4 ACPI
Mar 18 17:18:59 allan kernel: [    0.380938] pci 0000:00:07.0: quirk: [io  0x4100-0x410f] claimed by PIIX4 SMB
Mar 18 17:18:59 allan kernel: [    0.382374] pci 0000:00:0b.0: [8086:265c] type 00 class 0x0c0320
Mar 18 17:18:59 allan kernel: [    0.384626] pci 0000:00:0b.0: reg 0x10: [mem 0xf0805000-0xf0805fff]
Mar 18 17:18:59 allan kernel: [    0.393352] pci 0000:00:0d.0: [8086:2829] type 00 class 0x010601
Mar 18 17:18:59 allan kernel: [    0.395968] pci 0000:00:0d.0: reg 0x10: [io  0xd240-0xd247]
Mar 18 17:18:59 allan kernel: [    0.396813] pci 0000:00:0d.0: reg 0x14: [io  0xd248-0xd24b]
Mar 18 17:18:59 allan kernel: [    0.396967] pci 0000:00:0d.0: reg 0x18: [io  0xd250-0xd257]
Mar 18 17:18:59 allan kernel: [    0.399160] pci 0000:00:0d.0: reg 0x1c: [io  0xd258-0xd25b]
Mar 18 17:18:59 allan kernel: [    0.400813] pci 0000:00:0d.0: reg 0x20: [io  0xd260-0xd26f]
Mar 18 17:18:59 allan kernel: [    0.400944] pci 0000:00:0d.0: reg 0x24: [mem 0xf0806000-0xf0807fff]
Mar 18 17:18:59 allan kernel: [    0.412038] ACPI: PCI Interrupt Link [LNKA] (IRQs 5 9 10 *11)
Mar 18 17:18:59 allan kernel: [    0.412837] ACPI: PCI Interrupt Link [LNKB] (IRQs 5 9 *10 11)
Mar 18 17:18:59 allan kernel: [    0.412970] ACPI: PCI Interrupt Link [LNKC] (IRQs 5 *9 10 11)
Mar 18 17:18:59 allan kernel: [    0.413100] ACPI: PCI Interrupt Link [LNKD] (IRQs 5 9 10 *11)
Mar 18 17:18:59 allan kernel: [    0.413384] iommu: Default domain type: Translated 
Mar 18 17:18:59 allan kernel: [    0.413384] SCSI subsystem initialized
Mar 18 17:18:59 allan kernel: [    0.413384] libata version 3.00 loaded.
Mar 18 17:18:59 allan kernel: [    0.413384] pci 0000:00:02.0: vgaarb: setting as boot VGA device
Mar 18 17:18:59 allan kernel: [    0.413384] pci 0000:00:02.0: vgaarb: VGA device added: decodes=io+mem,owns=io+mem,locks=none
Mar 18 17:18:59 allan kernel: [    0.413384] pci 0000:00:02.0: vgaarb: bridge control possible
Mar 18 17:18:59 allan kernel: [    0.413384] vgaarb: loaded
Mar 18 17:18:59 allan kernel: [    0.413384] ACPI: bus type USB registered
Mar 18 17:18:59 allan kernel: [    0.413384] usbcore: registered new interface driver usbfs
Mar 18 17:18:59 allan kernel: [    0.413384] usbcore: registered new interface driver hub
Mar 18 17:18:59 allan kernel: [    0.413384] usbcore: registered new device driver usb
Mar 18 17:18:59 allan kernel: [    0.413384] pps_core: LinuxPPS API ver. 1 registered
Mar 18 17:18:59 allan kernel: [    0.413384] pps_core: Software ver. 5.3.6 - Copyright 2005-2007 Rodolfo Giometti <giometti@linux.it>
Mar 18 17:18:59 allan kernel: [    0.413384] PTP clock support registered
Mar 18 17:18:59 allan kernel: [    0.413384] EDAC MC: Ver: 3.0.0
Mar 18 17:18:59 allan kernel: [    0.413384] PCI: Using ACPI for IRQ routing
Mar 18 17:18:59 allan kernel: [    0.413384] PCI: pci_cache_line_size set to 64 bytes
Mar 18 17:18:59 allan kernel: [    0.413384] e820: reserve RAM buffer [mem 0x0009fc00-0x0009ffff]
Mar 18 17:18:59 allan kernel: [    0.413384] e820: reserve RAM buffer [mem 0xdfff0000-0xdfffffff]
Mar 18 17:18:59 allan kernel: [    0.413384] NetLabel: Initializing
Mar 18 17:18:59 allan kernel: [    0.413384] NetLabel:  domain hash size = 128
Mar 18 17:18:59 allan kernel: [    0.413384] NetLabel:  protocols = UNLABELED CIPSOv4 CALIPSO
Mar 18 17:18:59 allan kernel: [    0.413384] NetLabel:  unlabeled traffic allowed by default
Mar 18 17:18:59 allan kernel: [    0.413384] clocksource: Switched to clocksource kvm-clock
Mar 18 17:18:59 allan kernel: [    0.425188] *** VALIDATE bpf ***
Mar 18 17:18:59 allan kernel: [    0.425188] VFS: Disk quotas dquot_6.6.0
Mar 18 17:18:59 allan kernel: [    0.425188] VFS: Dquot-cache hash table entries: 512 (order 0, 4096 bytes)
Mar 18 17:18:59 allan kernel: [    0.425188] *** VALIDATE ramfs ***
Mar 18 17:18:59 allan kernel: [    0.425188] *** VALIDATE hugetlbfs ***
Mar 18 17:18:59 allan kernel: [    0.425188] AppArmor: AppArmor Filesystem Enabled
Mar 18 17:18:59 allan kernel: [    0.425188] pnp: PnP ACPI init
Mar 18 17:18:59 allan kernel: [    0.425188] pnp 00:00: Plug and Play ACPI device, IDs PNP0303 (active)
Mar 18 17:18:59 allan kernel: [    0.425188] pnp 00:01: Plug and Play ACPI device, IDs PNP0f03 (active)
Mar 18 17:18:59 allan kernel: [    0.425188] pnp: PnP ACPI: found 2 devices
Mar 18 17:18:59 allan kernel: [    0.434823] thermal_sys: Registered thermal governor 'fair_share'
Mar 18 17:18:59 allan kernel: [    0.434825] thermal_sys: Registered thermal governor 'bang_bang'
Mar 18 17:18:59 allan kernel: [    0.434826] thermal_sys: Registered thermal governor 'step_wise'
Mar 18 17:18:59 allan kernel: [    0.434826] thermal_sys: Registered thermal governor 'user_space'
Mar 18 17:18:59 allan kernel: [    0.434827] thermal_sys: Registered thermal governor 'power_allocator'
Mar 18 17:18:59 allan kernel: [    0.439578] clocksource: acpi_pm: mask: 0xffffff max_cycles: 0xffffff, max_idle_ns: 2085701024 ns
Mar 18 17:18:59 allan kernel: [    0.439637] pci_bus 0000:00: resource 4 [io  0x0000-0x0cf7 window]
Mar 18 17:18:59 allan kernel: [    0.439638] pci_bus 0000:00: resource 5 [io  0x0d00-0xffff window]
Mar 18 17:18:59 allan kernel: [    0.439639] pci_bus 0000:00: resource 6 [mem 0x000a0000-0x000bffff window]
Mar 18 17:18:59 allan kernel: [    0.439641] pci_bus 0000:00: resource 7 [mem 0xe0000000-0xfdffffff window]
Mar 18 17:18:59 allan kernel: [    0.439800] NET: Registered protocol family 2
Mar 18 17:18:59 allan kernel: [    0.439864] IP idents hash table entries: 65536 (order: 7, 524288 bytes, linear)
Mar 18 17:18:59 allan kernel: [    0.440525] tcp_listen_portaddr_hash hash table entries: 2048 (order: 3, 32768 bytes, linear)
Mar 18 17:18:59 allan kernel: [    0.440555] TCP established hash table entries: 32768 (order: 6, 262144 bytes, linear)
Mar 18 17:18:59 allan kernel: [    0.441031] TCP bind hash table entries: 32768 (order: 7, 524288 bytes, linear)
Mar 18 17:18:59 allan kernel: [    0.441080] TCP: Hash tables configured (established 32768 bind 32768)
Mar 18 17:18:59 allan kernel: [    0.441124] UDP hash table entries: 2048 (order: 4, 65536 bytes, linear)
Mar 18 17:18:59 allan kernel: [    0.441136] UDP-Lite hash table entries: 2048 (order: 4, 65536 bytes, linear)
Mar 18 17:18:59 allan kernel: [    0.441188] NET: Registered protocol family 1
Mar 18 17:18:59 allan kernel: [    0.441198] NET: Registered protocol family 44
Mar 18 17:18:59 allan kernel: [    0.441259] pci 0000:00:00.0: Limiting direct PCI/PCI transfers
Mar 18 17:18:59 allan kernel: [    0.441274] pci 0000:00:01.0: Activating ISA DMA hang workarounds
Mar 18 17:18:59 allan kernel: [    0.441328] pci 0000:00:02.0: Video device with shadowed ROM at [mem 0x000c0000-0x000dffff]
Mar 18 17:18:59 allan kernel: [    0.444026] PCI: CLS 0 bytes, default 64
Mar 18 17:18:59 allan kernel: [    0.444081] Trying to unpack rootfs image as initramfs...
Mar 18 17:18:59 allan kernel: [    1.066260] Freeing initrd memory: 42268K
Mar 18 17:18:59 allan kernel: [    1.066276] PCI-DMA: Using software bounce buffering for IO (SWIOTLB)
Mar 18 17:18:59 allan kernel: [    1.066278] software IO TLB: mapped [mem 0xdbff0000-0xdfff0000] (64MB)
Mar 18 17:18:59 allan kernel: [    1.066347] clocksource: tsc: mask: 0xffffffffffffffff max_cycles: 0x31024b3bec5, max_idle_ns: 440795366697 ns
Mar 18 17:18:59 allan kernel: [    1.066424] clocksource: Switched to clocksource tsc
Mar 18 17:18:59 allan kernel: [    1.066498] platform rtc_cmos: registered platform RTC device (no PNP device found)
Mar 18 17:18:59 allan kernel: [    1.066520] check: Scanning for low memory corruption every 60 seconds
Mar 18 17:18:59 allan kernel: [    1.067095] Initialise system trusted keyrings
Mar 18 17:18:59 allan kernel: [    1.067107] Key type blacklist registered
Mar 18 17:18:59 allan kernel: [    1.067257] workingset: timestamp_bits=36 max_order=20 bucket_order=0
Mar 18 17:18:59 allan kernel: [    1.068972] zbud: loaded
Mar 18 17:18:59 allan kernel: [    1.069666] squashfs: version 4.0 (2009/01/31) Phillip Lougher
Mar 18 17:18:59 allan kernel: [    1.070019] fuse: init (API version 7.31)
Mar 18 17:18:59 allan kernel: [    1.070045] *** VALIDATE fuse ***
Mar 18 17:18:59 allan kernel: [    1.070047] *** VALIDATE fuse ***
Mar 18 17:18:59 allan kernel: [    1.070179] Platform Keyring initialized
Mar 18 17:18:59 allan kernel: [    1.074440] Key type asymmetric registered
Mar 18 17:18:59 allan kernel: [    1.074442] Asymmetric key parser 'x509' registered
Mar 18 17:18:59 allan kernel: [    1.074462] Block layer SCSI generic (bsg) driver version 0.4 loaded (major 244)
Mar 18 17:18:59 allan kernel: [    1.074530] io scheduler mq-deadline registered
Mar 18 17:18:59 allan kernel: [    1.074752] shpchp: Standard Hot Plug PCI Controller Driver version: 0.4
Mar 18 17:18:59 allan kernel: [    1.074983] ACPI: AC Adapter [AC] (on-line)
Mar 18 17:18:59 allan kernel: [    1.075032] input: Power Button as /devices/LNXSYSTM:00/LNXPWRBN:00/input/input0
Mar 18 17:18:59 allan kernel: [    1.075065] ACPI: Power Button [PWRF]
Mar 18 17:18:59 allan kernel: [    1.075136] input: Sleep Button as /devices/LNXSYSTM:00/LNXSLPBN:00/input/input1
Mar 18 17:18:59 allan kernel: [    1.075151] ACPI: Sleep Button [SLPF]
Mar 18 17:18:59 allan kernel: [    1.076108] Serial: 8250/16550 driver, 32 ports, IRQ sharing enabled
Mar 18 17:18:59 allan kernel: [    1.078956] Linux agpgart interface v0.103
Mar 18 17:18:59 allan kernel: [    2.151401] loop: module loaded
Mar 18 17:18:59 allan kernel: [    2.151679] ata_piix 0000:00:01.1: version 2.13
Mar 18 17:18:59 allan kernel: [    2.152322] scsi host0: ata_piix
Mar 18 17:18:59 allan kernel: [    2.152863] scsi host1: ata_piix
Mar 18 17:18:59 allan kernel: [    2.152995] ata1: PATA max UDMA/33 cmd 0x1f0 ctl 0x3f6 bmdma 0xd000 irq 14
Mar 18 17:18:59 allan kernel: [    2.152996] ata2: PATA max UDMA/33 cmd 0x170 ctl 0x376 bmdma 0xd008 irq 15
Mar 18 17:18:59 allan kernel: [    2.153129] libphy: Fixed MDIO Bus: probed
Mar 18 17:18:59 allan kernel: [    2.153129] tun: Universal TUN/TAP device driver, 1.6
Mar 18 17:18:59 allan kernel: [    2.153242] PPP generic driver version 2.4.2
Mar 18 17:18:59 allan kernel: [    2.153382] VFIO - User Level meta-driver version: 0.3
Mar 18 17:18:59 allan kernel: [    2.153513] ehci_hcd: USB 2.0 'Enhanced' Host Controller (EHCI) Driver
Mar 18 17:18:59 allan kernel: [    2.153518] ehci-pci: EHCI PCI platform driver
Mar 18 17:18:59 allan kernel: [    2.154235] ehci-pci 0000:00:0b.0: EHCI Host Controller
Mar 18 17:18:59 allan kernel: [    2.154242] ehci-pci 0000:00:0b.0: new USB bus registered, assigned bus number 1
Mar 18 17:18:59 allan kernel: [    2.154464] ehci-pci 0000:00:0b.0: irq 19, io mem 0xf0805000
Mar 18 17:18:59 allan kernel: [    2.171470] ehci-pci 0000:00:0b.0: USB 2.0 started, EHCI 1.00
Mar 18 17:18:59 allan kernel: [    2.171588] usb usb1: New USB device found, idVendor=1d6b, idProduct=0002, bcdDevice= 5.04
Mar 18 17:18:59 allan kernel: [    2.171590] usb usb1: New USB device strings: Mfr=3, Product=2, SerialNumber=1
Mar 18 17:18:59 allan kernel: [    2.171592] usb usb1: Product: EHCI Host Controller
Mar 18 17:18:59 allan kernel: [    2.171594] usb usb1: Manufacturer: Linux 5.4.0-84-generic ehci_hcd
Mar 18 17:18:59 allan kernel: [    2.171595] usb usb1: SerialNumber: 0000:00:0b.0
Mar 18 17:18:59 allan kernel: [    2.171913] hub 1-0:1.0: USB hub found
Mar 18 17:18:59 allan kernel: [    2.171924] hub 1-0:1.0: 12 ports detected
Mar 18 17:18:59 allan kernel: [    2.172198] ehci-platform: EHCI generic platform driver
Mar 18 17:18:59 allan kernel: [    2.172219] ohci_hcd: USB 1.1 'Open' Host Controller (OHCI) Driver
Mar 18 17:18:59 allan kernel: [    2.172224] ohci-pci: OHCI PCI platform driver
Mar 18 17:18:59 allan kernel: [    2.173078] ohci-pci 0000:00:06.0: OHCI PCI host controller
Mar 18 17:18:59 allan kernel: [    2.173085] ohci-pci 0000:00:06.0: new USB bus registered, assigned bus number 2
Mar 18 17:18:59 allan kernel: [    2.173180] ohci-pci 0000:00:06.0: irq 22, io mem 0xf0804000
Mar 18 17:18:59 allan kernel: [    2.308290] usb usb2: New USB device found, idVendor=1d6b, idProduct=0001, bcdDevice= 5.04
Mar 18 17:18:59 allan kernel: [    2.308292] usb usb2: New USB device strings: Mfr=3, Product=2, SerialNumber=1
Mar 18 17:18:59 allan kernel: [    2.308294] usb usb2: Product: OHCI PCI host controller
Mar 18 17:18:59 allan kernel: [    2.308295] usb usb2: Manufacturer: Linux 5.4.0-84-generic ohci_hcd
Mar 18 17:18:59 allan kernel: [    2.308296] usb usb2: SerialNumber: 0000:00:06.0
Mar 18 17:18:59 allan kernel: [    2.308492] hub 2-0:1.0: USB hub found
Mar 18 17:18:59 allan kernel: [    2.308506] hub 2-0:1.0: 12 ports detected
Mar 18 17:18:59 allan kernel: [    2.308936] ohci-platform: OHCI generic platform driver
Mar 18 17:18:59 allan kernel: [    2.308948] uhci_hcd: USB Universal Host Controller Interface driver
Mar 18 17:18:59 allan kernel: [    2.309006] i8042: PNP: PS/2 Controller [PNP0303:PS2K,PNP0f03:PS2M] at 0x60,0x64 irq 1,12
Mar 18 17:18:59 allan kernel: [    2.309494] serio: i8042 KBD port at 0x60,0x64 irq 1
Mar 18 17:18:59 allan kernel: [    2.309500] serio: i8042 AUX port at 0x60,0x64 irq 12
Mar 18 17:18:59 allan kernel: [    2.309705] mousedev: PS/2 mouse device common for all mice
Mar 18 17:18:59 allan kernel: [    2.310280] input: AT Translated Set 2 keyboard as /devices/platform/i8042/serio0/input/input2
Mar 18 17:18:59 allan kernel: [    2.310321] rtc_cmos rtc_cmos: registered as rtc0
Mar 18 17:18:59 allan kernel: [    2.310335] rtc_cmos rtc_cmos: alarms up to one day, 114 bytes nvram
Mar 18 17:18:59 allan kernel: [    2.310340] i2c /dev entries driver
Mar 18 17:18:59 allan kernel: [    2.310416] device-mapper: uevent: version 1.0.3
Mar 18 17:18:59 allan kernel: [    2.310521] device-mapper: ioctl: 4.41.0-ioctl (2019-09-16) initialised: dm-devel@redhat.com
Mar 18 17:18:59 allan kernel: [    2.310541] platform eisa.0: Probing EISA bus 0
Mar 18 17:18:59 allan kernel: [    2.310547] platform eisa.0: EISA: Cannot allocate resource for mainboard
Mar 18 17:18:59 allan kernel: [    2.310548] platform eisa.0: Cannot allocate resource for EISA slot 1
Mar 18 17:18:59 allan kernel: [    2.310549] platform eisa.0: Cannot allocate resource for EISA slot 2
Mar 18 17:18:59 allan kernel: [    2.310550] platform eisa.0: Cannot allocate resource for EISA slot 3
Mar 18 17:18:59 allan kernel: [    2.310551] platform eisa.0: Cannot allocate resource for EISA slot 4
Mar 18 17:18:59 allan kernel: [    2.310552] platform eisa.0: Cannot allocate resource for EISA slot 5
Mar 18 17:18:59 allan kernel: [    2.310553] platform eisa.0: Cannot allocate resource for EISA slot 6
Mar 18 17:18:59 allan kernel: [    2.310554] platform eisa.0: Cannot allocate resource for EISA slot 7
Mar 18 17:18:59 allan kernel: [    2.310555] platform eisa.0: Cannot allocate resource for EISA slot 8
Mar 18 17:18:59 allan kernel: [    2.310556] platform eisa.0: EISA: Detected 0 cards
Mar 18 17:18:59 allan kernel: [    2.310697] ledtrig-cpu: registered to indicate activity on CPUs
Mar 18 17:18:59 allan kernel: [    2.310742] drop_monitor: Initializing network drop monitor service
Mar 18 17:18:59 allan kernel: [    2.310933] NET: Registered protocol family 10
Mar 18 17:18:59 allan kernel: [    2.313246] ata2.00: ATAPI: VBOX CD-ROM, 1.0, max UDMA/133
Mar 18 17:18:59 allan kernel: [    2.314822] Segment Routing with IPv6
Mar 18 17:18:59 allan kernel: [    2.314844] NET: Registered protocol family 17
Mar 18 17:18:59 allan kernel: [    2.314905] Key type dns_resolver registered
Mar 18 17:18:59 allan kernel: [    2.315209] RAS: Correctable Errors collector initialized.
Mar 18 17:18:59 allan kernel: [    2.315218] IPI shorthand broadcast: enabled
Mar 18 17:18:59 allan kernel: [    2.315225] sched_clock: Marking stable (2302994289, 12172800)->(2361954505, -46787416)
Mar 18 17:18:59 allan kernel: [    2.315366] registered taskstats version 1
Mar 18 17:18:59 allan kernel: [    2.315381] Loading compiled-in X.509 certificates
Mar 18 17:18:59 allan kernel: [    2.316205] Loaded X.509 cert 'Build time autogenerated kernel key: 2e5a5cfcbde5ccff8872bb2bdda0161154af6a9e'
Mar 18 17:18:59 allan kernel: [    2.316800] Loaded X.509 cert 'Canonical Ltd. Live Patch Signing: 14df34d1a87cf37625abec039ef2bf521249b969'
Mar 18 17:18:59 allan kernel: [    2.317427] Loaded X.509 cert 'Canonical Ltd. Kernel Module Signing: 88f752e560a1e0737e31163a466ad7b70a850c19'
Mar 18 17:18:59 allan kernel: [    2.317452] zswap: loaded using pool lzo/zbud
Mar 18 17:18:59 allan kernel: [    2.329206] Key type ._fscrypt registered
Mar 18 17:18:59 allan kernel: [    2.329207] Key type .fscrypt registered
Mar 18 17:18:59 allan kernel: [    2.329346] scsi 1:0:0:0: CD-ROM            VBOX     CD-ROM           1.0  PQ: 0 ANSI: 5
Mar 18 17:18:59 allan kernel: [    2.332975] Key type big_key registered
Mar 18 17:18:59 allan kernel: [    2.334732] Key type encrypted registered
Mar 18 17:18:59 allan kernel: [    2.334736] AppArmor: AppArmor sha1 policy hashing enabled
Mar 18 17:18:59 allan kernel: [    2.334749] ima: No TPM chip found, activating TPM-bypass!
Mar 18 17:18:59 allan kernel: [    2.334758] ima: Allocated hash algorithm: sha1
Mar 18 17:18:59 allan kernel: [    2.334764] ima: No architecture policies found
Mar 18 17:18:59 allan kernel: [    2.334772] evm: Initialising EVM extended attributes:
Mar 18 17:18:59 allan kernel: [    2.334772] evm: security.selinux
Mar 18 17:18:59 allan kernel: [    2.334773] evm: security.SMACK64
Mar 18 17:18:59 allan kernel: [    2.334773] evm: security.SMACK64EXEC
Mar 18 17:18:59 allan kernel: [    2.334773] evm: security.SMACK64TRANSMUTE
Mar 18 17:18:59 allan kernel: [    2.334774] evm: security.SMACK64MMAP
Mar 18 17:18:59 allan kernel: [    2.334774] evm: security.apparmor
Mar 18 17:18:59 allan kernel: [    2.334774] evm: security.ima
Mar 18 17:18:59 allan kernel: [    2.334775] evm: security.capability
Mar 18 17:18:59 allan kernel: [    2.334775] evm: HMAC attrs: 0x1
Mar 18 17:18:59 allan kernel: [    2.335091] PM:   Magic number: 0:558:323
Mar 18 17:18:59 allan kernel: [    2.335126] tty tty48: hash matches
Mar 18 17:18:59 allan kernel: [    2.335252] rtc_cmos rtc_cmos: setting system clock to 2024-03-18T09:18:57 UTC (1710753537)
Mar 18 17:18:59 allan kernel: [    2.541393] sr 1:0:0:0: [sr0] scsi3-mmc drive: 32x/32x xa/form2 tray
Mar 18 17:18:59 allan kernel: [    2.541396] cdrom: Uniform CD-ROM driver Revision: 3.20
Mar 18 17:18:59 allan kernel: [    2.556959] sr 1:0:0:0: Attached scsi CD-ROM sr0
Mar 18 17:18:59 allan kernel: [    2.557188] sr 1:0:0:0: Attached scsi generic sg0 type 5
Mar 18 17:18:59 allan kernel: [    2.558822] Freeing unused decrypted memory: 2040K
Mar 18 17:18:59 allan kernel: [    2.559296] Freeing unused kernel image memory: 2716K
Mar 18 17:18:59 allan kernel: [    2.573388] Write protecting the kernel read-only data: 22528k
Mar 18 17:18:59 allan kernel: [    2.574179] Freeing unused kernel image memory: 2008K
Mar 18 17:18:59 allan kernel: [    2.574511] Freeing unused kernel image memory: 1160K
Mar 18 17:18:59 allan kernel: [    2.585868] x86/mm: Checked W+X mappings: passed, no W+X pages found.
Mar 18 17:18:59 allan kernel: [    2.585872] Run /init as init process
Mar 18 17:18:59 allan kernel: [    2.641809] ACPI: Video Device [GFX0] (multi-head: yes  rom: no  post: no)
Mar 18 17:18:59 allan kernel: [    2.641919] input: Video Bus as /devices/LNXSYSTM:00/LNXSYBUS:00/PNP0A03:00/LNXVIDEO:00/input/input4
Mar 18 17:18:59 allan kernel: [    2.647404] piix4_smbus 0000:00:07.0: SMBus Host Controller at 0x4100, revision 0
Mar 18 17:18:59 allan kernel: [    2.648495] e1000: Intel(R) PRO/1000 Network Driver - version 7.3.21-k8-NAPI
Mar 18 17:18:59 allan kernel: [    2.648497] e1000: Copyright (c) 1999-2006 Intel Corporation.
Mar 18 17:18:59 allan kernel: [    2.651735] ahci 0000:00:0d.0: version 3.0
Mar 18 17:18:59 allan kernel: [    2.652583] ahci 0000:00:0d.0: SSS flag set, parallel bus scan disabled
Mar 18 17:18:59 allan kernel: [    2.652796] ahci 0000:00:0d.0: AHCI 0001.0100 32 slots 1 ports 3 Gbps 0x1 impl SATA mode
Mar 18 17:18:59 allan kernel: [    2.652798] ahci 0000:00:0d.0: flags: 64bit ncq stag only ccc 
Mar 18 17:18:59 allan kernel: [    2.661213] scsi host2: ahci
Mar 18 17:18:59 allan kernel: [    2.661345] ata3: SATA max UDMA/133 abar m8192@0xf0806000 port 0xf0806100 irq 21
Mar 18 17:18:59 allan kernel: [    2.821449] usb 2-1: new full-speed USB device number 2 using ohci-pci
Mar 18 17:18:59 allan kernel: [    2.862121] input: ImExPS/2 Generic Explorer Mouse as /devices/platform/i8042/serio1/input/input5
Mar 18 17:18:59 allan kernel: [    2.977780] ata3: SATA link up 3.0 Gbps (SStatus 123 SControl 300)
Mar 18 17:18:59 allan kernel: [    2.977899] ata3.00: ATA-6: VBOX HARDDISK, 1.0, max UDMA/133
Mar 18 17:18:59 allan kernel: [    2.977902] ata3.00: 31457280 sectors, multi 128: LBA48 NCQ (depth 32)
Mar 18 17:18:59 allan kernel: [    2.978014] ata3.00: configured for UDMA/133
Mar 18 17:18:59 allan kernel: [    2.978243] scsi 2:0:0:0: Direct-Access     ATA      VBOX HARDDISK    1.0  PQ: 0 ANSI: 5
Mar 18 17:18:59 allan kernel: [    2.978566] sd 2:0:0:0: Attached scsi generic sg1 type 0
Mar 18 17:18:59 allan kernel: [    2.978583] sd 2:0:0:0: [sda] 31457280 512-byte logical blocks: (16.1 GB/15.0 GiB)
Mar 18 17:18:59 allan kernel: [    2.978609] sd 2:0:0:0: [sda] Write Protect is off
Mar 18 17:18:59 allan kernel: [    2.978611] sd 2:0:0:0: [sda] Mode Sense: 00 3a 00 00
Mar 18 17:18:59 allan kernel: [    2.978652] sd 2:0:0:0: [sda] Write cache: enabled, read cache: enabled, doesn't support DPO or FUA
Mar 18 17:18:59 allan kernel: [    3.031199]  sda: sda1
Mar 18 17:18:59 allan kernel: [    3.037662] e1000 0000:00:03.0 eth0: (PCI:33MHz:32-bit) 08:00:27:a5:15:38
Mar 18 17:18:59 allan kernel: [    3.037667] e1000 0000:00:03.0 eth0: Intel(R) PRO/1000 Network Connection
Mar 18 17:18:59 allan kernel: [    3.038744] e1000 0000:00:03.0 enp0s3: renamed from eth0
Mar 18 17:18:59 allan kernel: [    3.053726] sd 2:0:0:0: [sda] Attached SCSI disk
Mar 18 17:18:59 allan kernel: [    3.143513] usb 2-1: New USB device found, idVendor=80ee, idProduct=0021, bcdDevice= 1.00
Mar 18 17:18:59 allan kernel: [    3.143516] usb 2-1: New USB device strings: Mfr=1, Product=3, SerialNumber=0
Mar 18 17:18:59 allan kernel: [    3.143518] usb 2-1: Product: USB Tablet
Mar 18 17:18:59 allan kernel: [    3.143519] usb 2-1: Manufacturer: VirtualBox
Mar 18 17:18:59 allan kernel: [    3.151279] hidraw: raw HID events driver (C) Jiri Kosina
Mar 18 17:18:59 allan kernel: [    3.160211] usbcore: registered new interface driver usbhid
Mar 18 17:18:59 allan kernel: [    3.160213] usbhid: USB HID core driver
Mar 18 17:18:59 allan kernel: [    3.162182] input: VirtualBox USB Tablet as /devices/pci0000:00/0000:00:06.0/usb2/2-1/2-1:1.0/0003:80EE:0021.0001/input/input6
Mar 18 17:18:59 allan kernel: [    3.162403] hid-generic 0003:80EE:0021.0001: input,hidraw0: USB HID v1.10 Mouse [VirtualBox USB Tablet] on usb-0000:00:06.0-1/input0
Mar 18 17:18:59 allan kernel: [    3.206280] EXT4-fs (sda1): mounted filesystem with ordered data mode. Opts: (null)
Mar 18 17:18:59 allan kernel: [    3.319298] systemd[1]: systemd 237 running in system mode. (+PAM +AUDIT +SELINUX +IMA +APPARMOR +SMACK +SYSVINIT +UTMP +LIBCRYPTSETUP +GCRYPT +GNUTLS +ACL +XZ +LZ4 +SECCOMP +BLKID +ELFUTILS +KMOD -IDN2 +IDN -PCRE2 default-hierarchy=hybrid)
Mar 18 17:18:59 allan kernel: [    3.319327] systemd[1]: Detected virtualization oracle.
Mar 18 17:18:59 allan kernel: [    3.319335] systemd[1]: Detected architecture x86-64.
Mar 18 17:18:59 allan kernel: [    3.345827] systemd[1]: Set hostname to <allan>.
Mar 18 17:18:59 allan kernel: [    3.348351] systemd[1]: Initializing machine ID from random generator.
Mar 18 17:18:59 allan kernel: [    3.348386] systemd[1]: Installed transient /etc/machine-id file.
Mar 18 17:18:59 allan kernel: [    3.455279] systemd[1]: Created slice User and Session Slice.
Mar 18 17:18:59 allan kernel: [    3.455481] systemd[1]: Created slice System Slice.
Mar 18 17:18:59 allan kernel: [    3.455502] systemd[1]: Reached target Slices.
Mar 18 17:18:59 allan kernel: [    3.455562] systemd[1]: Listening on Syslog Socket.
Mar 18 17:18:59 allan kernel: [    3.482877] EXT4-fs (sda1): re-mounted. Opts: errors=remount-ro
Mar 18 17:18:59 allan kernel: [    3.493517] lp: driver loaded but no devices found
Mar 18 17:18:59 allan kernel: [    3.514104] systemd-journald[257]: Received request to flush runtime journal from PID 1
Mar 18 17:18:59 allan kernel: [    3.515704] ppdev: user-space parallel port driver
Mar 18 17:18:59 allan kernel: [    3.540983] Adding 728520k swap on /swapfile.  Priority:-2 extents:3 across:744904k FS
Mar 18 17:18:59 allan kernel: [    3.700678] audit: type=1400 audit(1710753538.859:2): apparmor="STATUS" operation="profile_load" profile="unconfined" name="libreoffice-oopslash" pid=374 comm="apparmor_parser"
Mar 18 17:18:59 allan kernel: [    3.701274] audit: type=1400 audit(1710753538.863:3): apparmor="STATUS" operation="profile_load" profile="unconfined" name="/usr/bin/man" pid=373 comm="apparmor_parser"
Mar 18 17:18:59 allan kernel: [    3.701276] audit: type=1400 audit(1710753538.863:4): apparmor="STATUS" operation="profile_load" profile="unconfined" name="man_filter" pid=373 comm="apparmor_parser"
Mar 18 17:18:59 allan kernel: [    3.701278] audit: type=1400 audit(1710753538.863:5): apparmor="STATUS" operation="profile_load" profile="unconfined" name="man_groff" pid=373 comm="apparmor_parser"
Mar 18 17:18:59 allan kernel: [    3.703420] audit: type=1400 audit(1710753538.863:6): apparmor="STATUS" operation="profile_load" profile="unconfined" name="/sbin/dhclient" pid=370 comm="apparmor_parser"
Mar 18 17:18:59 allan kernel: [    3.703422] audit: type=1400 audit(1710753538.863:7): apparmor="STATUS" operation="profile_load" profile="unconfined" name="/usr/lib/NetworkManager/nm-dhcp-client.action" pid=370 comm="apparmor_parser"
Mar 18 17:18:59 allan kernel: [    3.703424] audit: type=1400 audit(1710753538.863:8): apparmor="STATUS" operation="profile_load" profile="unconfined" name="/usr/lib/NetworkManager/nm-dhcp-helper" pid=370 comm="apparmor_parser"
Mar 18 17:18:59 allan kernel: [    3.703426] audit: type=1400 audit(1710753538.863:9): apparmor="STATUS" operation="profile_load" profile="unconfined" name="/usr/lib/connman/scripts/dhclient-script" pid=370 comm="apparmor_parser"
Mar 18 17:18:59 allan kernel: [    3.703770] audit: type=1400 audit(1710753538.863:10): apparmor="STATUS" operation="profile_load" profile="unconfined" name="libreoffice-senddoc" pid=375 comm="apparmor_parser"
Mar 18 17:18:59 allan kernel: [    3.715029] vboxguest: loading out-of-tree module taints kernel.
Mar 18 17:18:59 allan kernel: [    3.740142] vgdrvHeartbeatInit: Setting up heartbeat to trigger every 2000 milliseconds
Mar 18 17:18:59 allan kernel: [    3.741689] input: Unspecified device as /devices/pci0000:00/0000:00:04.0/input/input7
Mar 18 17:18:59 allan kernel: [    3.750445] vboxguest: Successfully loaded version 6.1.22_Ubuntu r144080
Mar 18 17:18:59 allan kernel: [    3.750472] vboxguest: misc device minor 58, IRQ 20, I/O port d040, MMIO at 00000000f0400000 (size 0x400000)
Mar 18 17:18:59 allan kernel: [    3.750473] vboxguest: Successfully loaded version 6.1.22_Ubuntu r144080 (interface 0x00010004)
Mar 18 17:18:59 allan kernel: [    3.824586] cryptd: max_cpu_qlen set to 1000
Mar 18 17:18:59 allan kernel: [    3.846796] AVX2 version of gcm_enc/dec engaged.
Mar 18 17:18:59 allan kernel: [    3.846797] AES CTR mode by8 optimization enabled
Mar 18 17:18:59 allan systemd-udevd[327]: link_config: autonegotiation is unset or enabled, the speed and duplex are not writable.
Mar 18 17:18:59 allan dbus-daemon[495]: dbus[495]: Unknown group "power" in message bus configuration file
Mar 18 17:18:59 allan kernel: [    3.919508] [drm] DMA map mode: Caching DMA mappings.
Mar 18 17:18:59 allan kernel: [    3.919568] [drm] Capabilities:
Mar 18 17:18:59 allan kernel: [    3.919569] [drm]   Rect copy.
Mar 18 17:18:59 allan kernel: [    3.919569] [drm]   Cursor.
Mar 18 17:18:59 allan kernel: [    3.919570] [drm]   Cursor bypass.
Mar 18 17:18:59 allan kernel: [    3.919570] [drm]   Cursor bypass 2.
Mar 18 17:18:59 allan kernel: [    3.919570] [drm]   Alpha cursor.
Mar 18 17:18:59 allan kernel: [    3.919571] [drm]   Extended Fifo.
Mar 18 17:18:59 allan kernel: [    3.919571] [drm]   Pitchlock.
Mar 18 17:18:59 allan kernel: [    3.919572] [drm]   Irq mask.
Mar 18 17:18:59 allan kernel: [    3.919572] [drm]   GMR.
Mar 18 17:18:59 allan kernel: [    3.919572] [drm]   Traces.
Mar 18 17:18:59 allan kernel: [    3.919573] [drm]   GMR2.
Mar 18 17:18:59 allan kernel: [    3.919573] [drm]   Screen Object 2.
Mar 18 17:18:59 allan kernel: [    3.919574] [drm]   Command Buffers.
Mar 18 17:18:59 allan kernel: [    3.919575] [drm] Max GMR ids is 8192
Mar 18 17:18:59 allan kernel: [    3.919576] [drm] Max number of GMR pages is 1048576
Mar 18 17:18:59 allan kernel: [    3.919576] [drm] Max dedicated hypervisor surface memory is 507904 kiB
Mar 18 17:18:59 allan kernel: [    3.919577] [drm] Maximum display memory size is 16384 kiB
Mar 18 17:18:59 allan kernel: [    3.919578] [drm] VRAM at 0xe0000000 size is 16384 kiB
Mar 18 17:18:59 allan kernel: [    3.919578] [drm] MMIO at 0xf0000000 size is 2048 kiB
Mar 18 17:18:59 allan snapd[464]: AppArmor status: apparmor is enabled and all features are available
Mar 18 17:18:59 allan dbus-daemon[495]: [system] AppArmor D-Bus mediation is enabled
Mar 18 17:18:59 allan kernel: [    3.956756] [TTM] Zone  kernel: Available graphics memory: 2015092 KiB
Mar 18 17:18:59 allan kernel: [    3.956759] [TTM] Initializing pool allocator
Mar 18 17:18:59 allan kernel: [    3.956764] [TTM] Initializing DMA pool allocator
Mar 18 17:18:59 allan kernel: [    3.956799] [drm] Supports vblank timestamp caching Rev 2 (21.10.2013).
Mar 18 17:18:59 allan kernel: [    3.956800] [drm] No driver support for vblank timestamp query.
Mar 18 17:18:59 allan dbus-daemon[495]: [system] Successfully activated service 'org.freedesktop.systemd1'
Mar 18 17:18:59 allan avahi-daemon[455]: Successfully called chroot().
Mar 18 17:18:59 allan avahi-daemon[455]: Successfully dropped remaining capabilities.
Mar 18 17:18:59 allan kernel: [    3.959230] [drm] Screen Objects Display Unit initialized
Mar 18 17:18:59 allan kernel: [    3.959503] [drm] width 720
Mar 18 17:18:59 allan kernel: [    3.959514] [drm] height 400
Mar 18 17:18:59 allan kernel: [    3.959518] [drm] bpp 32
Mar 18 17:18:59 allan kernel: [    3.959866] [drm] Fifo max 0x00200000 min 0x00001000 cap 0x00000355
Mar 18 17:18:59 allan kernel: [    3.960071] [drm] Using command buffers with DMA pool.
Mar 18 17:18:59 allan kernel: [    3.960084] [drm] DX: no.
Mar 18 17:18:59 allan kernel: [    3.960084] [drm] Atomic: yes.
Mar 18 17:18:59 allan kernel: [    3.960085] [drm] SM4_1: no.
Mar 18 17:18:59 allan kernel: [    3.960108] [drm:vmw_host_log [vmwgfx]] *ERROR* Failed to send host log message.
Mar 18 17:18:59 allan avahi-daemon[455]: No service file found in /etc/avahi/services.
Mar 18 17:18:59 allan thermald[442]: NO RAPL sysfs present
Mar 18 17:18:59 allan avahi-daemon[455]: Joining mDNS multicast group on interface lo.IPv6 with address ::1.
Mar 18 17:18:59 allan avahi-daemon[455]: New relevant interface lo.IPv6 for mDNS.
Mar 18 17:18:59 allan avahi-daemon[455]: Joining mDNS multicast group on interface lo.IPv4 with address 127.0.0.1.
Mar 18 17:18:59 allan avahi-daemon[455]: New relevant interface lo.IPv4 for mDNS.
Mar 18 17:18:59 allan avahi-daemon[455]: Network interface enumeration completed.
Mar 18 17:18:59 allan avahi-daemon[455]: Registering new address record for ::1 on lo.*.
Mar 18 17:18:59 allan avahi-daemon[455]: Registering new address record for 127.0.0.1 on lo.IPv4.
Mar 18 17:18:59 allan systemd[1]: Started Avahi mDNS/DNS-SD Stack.
Mar 18 17:18:59 allan systemd[1]: Started Login Service.
Mar 18 17:18:59 allan systemd[1]: Started Thermal Daemon Service.
Mar 18 17:18:59 allan systemd[1]: Started Make remote CUPS printers available locally.
Mar 18 17:18:59 allan systemd[1]: Starting WPA supplicant...
Mar 18 17:18:59 allan systemd[1]: Starting Network Manager...
Mar 18 17:18:59 allan thermald[442]: Unsupported cpu model, use thermal-conf.xml file or run with --ignore-cpuid-check
Mar 18 17:18:59 allan thermald[442]: THD engine start failed
Mar 18 17:18:59 allan systemd[1]: Started Run anacron jobs.
Mar 18 17:18:59 allan kernel: [    3.971064] [drm:vmw_host_log [vmwgfx]] *ERROR* Failed to send host log message.
Mar 18 17:18:59 allan systemd[1]: Started System Logging Service.
Mar 18 17:18:59 allan systemd[1]: Started Raise network interfaces.
Mar 18 17:18:59 allan dbus-daemon[495]: [system] Activating via systemd: service name='org.freedesktop.PolicyKit1' unit='polkit.service' requested by ':1.8' (uid=0 pid=417 comm="/usr/sbin/ModemManager --filter-policy=strict " label="unconfined")
Mar 18 17:18:59 allan systemd[1]: Started Restore /etc/resolv.conf if the system crashed before the ppp link was shut down.
Mar 18 17:18:59 allan kernel: [    3.978844] fbcon: svgadrmfb (fb0) is primary device
Mar 18 17:18:59 allan anacron[553]: Anacron 2.3 started on 2024-03-18
Mar 18 17:18:59 allan systemd[1]: Started Detect the available GPUs and deal with any system changes.
Mar 18 17:18:59 allan anacron[553]: Will run job `cron.daily' in 5 min.
Mar 18 17:18:59 allan anacron[553]: Will run job `cron.weekly' in 10 min.
Mar 18 17:18:59 allan anacron[553]: Will run job `cron.monthly' in 15 min.
Mar 18 17:18:59 allan anacron[553]: Jobs will be executed sequentially
Mar 18 17:18:59 allan kernel: [    3.984850] Console: switching to colour frame buffer device 100x37
Mar 18 17:18:59 allan kernel: [    3.986340] [drm] Initialized vmwgfx 2.15.0 20180704 for 0000:00:02.0 on minor 0
Mar 18 17:18:59 allan kernel: [    4.004107] Decoding supported only on Scalable MCA processors.
Mar 18 17:18:59 allan apport[416]:  * Starting automatic crash report generation: apport
Mar 18 17:18:59 allan udisksd[472]: failed to load module mdraid: libbd_mdraid.so.2: cannot open shared object file: No such file or directory
Mar 18 17:18:59 allan wpa_supplicant[551]: Successfully initialized wpa_supplicant
Mar 18 17:18:59 allan speech-dispatcher[421]:  * speech-dispatcher disabled; edit /etc/default/speech-dispatcher
Mar 18 17:18:59 allan grub-common[427]:  * Recording successful boot for GRUB
Mar 18 17:18:59 allan systemd[1]: Started LSB: Speech Dispatcher.
Mar 18 17:18:59 allan apport[416]:    ...done.
Mar 18 17:18:59 allan systemd[1]: Started LSB: automatic crash report generation.
Mar 18 17:18:59 allan acpid: starting up with netlink and the input layer
Mar 18 17:18:59 allan kernel: [    4.044795] Decoding supported only on Scalable MCA processors.
Mar 18 17:18:59 allan acpid: 8 rules loaded
Mar 18 17:18:59 allan acpid: waiting for events: event logging is off
Mar 18 17:18:59 allan udisksd[472]: Failed to load the 'mdraid' libblockdev plugin
Mar 18 17:18:59 allan grub-common[427]:    ...done.
Mar 18 17:18:59 allan systemd[1]: Started LSB: Record successful boot for GRUB.
Mar 18 17:18:59 allan snapd[464]: daemon.go:347: started snapd/2.49.2+18.04 (series 16; classic) ubuntu/18.04 (amd64) linux/5.4.0-84-generic.
Mar 18 17:18:59 allan systemd[1]: Started WPA supplicant.
Mar 18 17:18:59 allan systemd[1]: Starting Authorization Manager...
Mar 18 17:18:59 allan systemd[1]: Listening on Load/Save RF Kill Switch Status /dev/rfkill Watch.
Mar 18 17:18:59 allan kernel: [    4.083882] Decoding supported only on Scalable MCA processors.
Mar 18 17:18:59 allan polkitd[593]: started daemon version 0.105 using authority implementation `local' version `0.105'
Mar 18 17:18:59 allan NetworkManager[552]: <info>  [1710753539.2589] NetworkManager (version 1.10.6) is starting... (for the first time)
Mar 18 17:18:59 allan dbus-daemon[495]: [system] Successfully activated service 'org.freedesktop.PolicyKit1'
Mar 18 17:18:59 allan NetworkManager[552]: <info>  [1710753539.2590] Read config: /etc/NetworkManager/NetworkManager.conf (lib: 10-dns-resolved.conf, 20-connectivity-ubuntu.conf, no-mac-addr-change.conf) (run: 10-globally-managed-devices.conf) (etc: default-wifi-powersave-on.conf)
Mar 18 17:18:59 allan systemd[1]: Started Authorization Manager.
Mar 18 17:18:59 allan accounts-daemon[430]: started daemon version 0.6.45
Mar 18 17:18:59 allan systemd[1]: Started Accounts Service.
Mar 18 17:18:59 allan snapd[464]: daemon.go:440: adjusting startup timeout by 30s (pessimistic estimate of 30s plus 5s per snap)
Mar 18 17:18:59 allan NetworkManager[552]: <info>  [1710753539.2691] manager[0x55e760405050]: monitoring kernel firmware directory '/lib/firmware'.
Mar 18 17:18:59 allan NetworkManager[552]: <info>  [1710753539.2691] monitoring ifupdown state file '/run/network/ifstate'.
Mar 18 17:18:59 allan dbus-daemon[495]: [system] Activating via systemd: service name='org.freedesktop.hostname1' unit='dbus-org.freedesktop.hostname1.service' requested by ':1.13' (uid=0 pid=552 comm="/usr/sbin/NetworkManager --no-daemon " label="unconfined")
Mar 18 17:18:59 allan systemd[1]: Starting Hostname Service...
Mar 18 17:18:59 allan dbus-daemon[495]: [system] Successfully activated service 'org.freedesktop.hostname1'
Mar 18 17:18:59 allan systemd[1]: Started Hostname Service.
Mar 18 17:18:59 allan NetworkManager[552]: <info>  [1710753539.2995] hostname: hostname: using hostnamed
Mar 18 17:18:59 allan NetworkManager[552]: <info>  [1710753539.2995] hostname: hostname changed from (none) to "allan"
Mar 18 17:18:59 allan NetworkManager[552]: <info>  [1710753539.2998] dns-mgr[0x55e7603f91a0]: init: dns=systemd-resolved, rc-manager=symlink, plugin=systemd-resolved
Mar 18 17:18:59 allan NetworkManager[552]: <info>  [1710753539.3004] manager[0x55e760405050]: rfkill: WiFi hardware radio set enabled
Mar 18 17:18:59 allan NetworkManager[552]: <info>  [1710753539.3004] manager[0x55e760405050]: rfkill: WWAN hardware radio set enabled
Mar 18 17:18:59 allan systemd[1]: Started Network Manager.
Mar 18 17:18:59 allan systemd[1]: Starting Network Manager Wait Online...
Mar 18 17:18:59 allan systemd[1]: Reached target Network.
Mar 18 17:18:59 allan systemd[1]: Started Unattended Upgrades Shutdown.
Mar 18 17:18:59 allan systemd[1]: Starting Permit User Sessions...
Mar 18 17:18:59 allan systemd[1]: Started Permit User Sessions.
Mar 18 17:18:59 allan kernel: [    4.146506] Decoding supported only on Scalable MCA processors.
Mar 18 17:18:59 allan dbus-daemon[495]: [system] Activating via systemd: service name='org.freedesktop.nm_dispatcher' unit='dbus-org.freedesktop.nm-dispatcher.service' requested by ':1.13' (uid=0 pid=552 comm="/usr/sbin/NetworkManager --no-daemon " label="unconfined")
Mar 18 17:18:59 allan systemd[1]: Starting Network Manager Script Dispatcher Service...
Mar 18 17:18:59 allan systemd[1]: Starting Hold until boot process finishes up...
Mar 18 17:18:59 allan systemd[1]: Starting GNOME Display Manager...
Mar 18 17:18:59 allan systemd[1]: Started Modem Manager.
Mar 18 17:18:59 allan dbus-daemon[495]: [system] Successfully activated service 'org.freedesktop.nm_dispatcher'
Mar 18 17:18:59 allan systemd[1]: Started Network Manager Script Dispatcher Service.
Mar 18 17:18:59 allan NetworkManager[552]: <info>  [1710753539.3373] init!
Mar 18 17:18:59 allan NetworkManager[552]: <info>  [1710753539.3376]       interface-parser: parsing file /etc/network/interfaces
Mar 18 17:18:59 allan NetworkManager[552]: <info>  [1710753539.3376]       interface-parser: finished parsing file /etc/network/interfaces
Mar 18 17:18:59 allan NetworkManager[552]: <info>  [1710753539.3377] management mode: unmanaged
Mar 18 17:18:59 allan NetworkManager[552]: <info>  [1710753539.3387] devices added (path: /sys/devices/pci0000:00/0000:00:03.0/net/enp0s3, iface: enp0s3)
Mar 18 17:18:59 allan NetworkManager[552]: <info>  [1710753539.3387] device added (path: /sys/devices/pci0000:00/0000:00:03.0/net/enp0s3, iface: enp0s3): no ifupdown configuration found.
Mar 18 17:18:59 allan NetworkManager[552]: <info>  [1710753539.3388] devices added (path: /sys/devices/virtual/net/lo, iface: lo)
Mar 18 17:18:59 allan NetworkManager[552]: <info>  [1710753539.3388] device added (path: /sys/devices/virtual/net/lo, iface: lo): no ifupdown configuration found.
Mar 18 17:18:59 allan NetworkManager[552]: <info>  [1710753539.3388] end _init.
Mar 18 17:18:59 allan NetworkManager[552]: <info>  [1710753539.3388] settings: loaded plugin ifupdown: (C) 2008 Canonical Ltd.  To report bugs please use the NetworkManager mailing list. (/usr/lib/x86_64-linux-gnu/NetworkManager/libnm-settings-plugin-ifupdown.so)
Mar 18 17:18:59 allan NetworkManager[552]: <info>  [1710753539.3389] settings: loaded plugin keyfile: (c) 2007 - 2016 Red Hat, Inc.  To report bugs please use the NetworkManager mailing list.
Mar 18 17:18:59 allan NetworkManager[552]: <info>  [1710753539.3390] (1615100480) ... get_connections.
Mar 18 17:18:59 allan NetworkManager[552]: <info>  [1710753539.3390] (1615100480) ... get_connections (managed=false): return empty list.
Mar 18 17:18:59 allan NetworkManager[552]: <info>  [1710753539.3423] get unmanaged devices count: 0
Mar 18 17:18:59 allan nm-dispatcher: req:1 'hostname': new request (1 scripts)
Mar 18 17:18:59 allan NetworkManager[552]: <info>  [1710753539.3424] manager: rfkill: WiFi enabled by radio killswitch; enabled by state file
Mar 18 17:18:59 allan nm-dispatcher: req:1 'hostname': start running ordered scripts...
Mar 18 17:18:59 allan NetworkManager[552]: <info>  [1710753539.3424] manager: rfkill: WWAN enabled by radio killswitch; enabled by state file
Mar 18 17:18:59 allan NetworkManager[552]: <info>  [1710753539.3424] manager: Networking is enabled by state file
Mar 18 17:18:59 allan NetworkManager[552]: <info>  [1710753539.3426] dhcp-init: Using DHCP client 'dhclient'
Mar 18 17:18:59 allan NetworkManager[552]: <info>  [1710753539.3436] Loaded device plugin: NMBondDeviceFactory (internal)
Mar 18 17:18:59 allan NetworkManager[552]: <info>  [1710753539.3436] Loaded device plugin: NMBridgeDeviceFactory (internal)
Mar 18 17:18:59 allan NetworkManager[552]: <info>  [1710753539.3436] Loaded device plugin: NMDummyDeviceFactory (internal)
Mar 18 17:18:59 allan NetworkManager[552]: <info>  [1710753539.3437] Loaded device plugin: NMEthernetDeviceFactory (internal)
Mar 18 17:18:59 allan NetworkManager[552]: <info>  [1710753539.3437] Loaded device plugin: NMInfinibandDeviceFactory (internal)
Mar 18 17:18:59 allan NetworkManager[552]: <info>  [1710753539.3437] Loaded device plugin: NMIPTunnelDeviceFactory (internal)
Mar 18 17:18:59 allan NetworkManager[552]: <info>  [1710753539.3437] Loaded device plugin: NMMacsecDeviceFactory (internal)
Mar 18 17:18:59 allan NetworkManager[552]: <info>  [1710753539.3437] Loaded device plugin: NMMacvlanDeviceFactory (internal)
Mar 18 17:18:59 allan NetworkManager[552]: <info>  [1710753539.3438] Loaded device plugin: NMPppDeviceFactory (internal)
Mar 18 17:18:59 allan NetworkManager[552]: <info>  [1710753539.3438] Loaded device plugin: NMTunDeviceFactory (internal)
Mar 18 17:18:59 allan NetworkManager[552]: <info>  [1710753539.3438] Loaded device plugin: NMVethDeviceFactory (internal)
Mar 18 17:18:59 allan NetworkManager[552]: <info>  [1710753539.3438] Loaded device plugin: NMVlanDeviceFactory (internal)
Mar 18 17:18:59 allan NetworkManager[552]: <info>  [1710753539.3438] Loaded device plugin: NMVxlanDeviceFactory (internal)
Mar 18 17:18:59 allan NetworkManager[552]: <info>  [1710753539.3514] Loaded device plugin: NMBluezManager (/usr/lib/x86_64-linux-gnu/NetworkManager/libnm-device-plugin-bluetooth.so)
Mar 18 17:18:59 allan snapd[464]: helpers.go:105: error trying to compare the snap system key: system-key missing on disk
Mar 18 17:18:59 allan NetworkManager[552]: <info>  [1710753539.3565] Loaded device plugin: NMTeamFactory (/usr/lib/x86_64-linux-gnu/NetworkManager/libnm-device-plugin-team.so)
Mar 18 17:18:59 allan NetworkManager[552]: <info>  [1710753539.3595] Loaded device plugin: NMWwanFactory (/usr/lib/x86_64-linux-gnu/NetworkManager/libnm-device-plugin-wwan.so)
Mar 18 17:18:59 allan NetworkManager[552]: <info>  [1710753539.3649] Loaded device plugin: NMWifiFactory (/usr/lib/x86_64-linux-gnu/NetworkManager/libnm-device-plugin-wifi.so)
Mar 18 17:18:59 allan NetworkManager[552]: <info>  [1710753539.3664] Loaded device plugin: NMAtmManager (/usr/lib/x86_64-linux-gnu/NetworkManager/libnm-device-plugin-adsl.so)
Mar 18 17:18:59 allan systemd[1]: Started GNOME Display Manager.
Mar 18 17:18:59 allan NetworkManager[552]: <info>  [1710753539.3702] device (lo): carrier: link connected
Mar 18 17:18:59 allan NetworkManager[552]: <info>  [1710753539.3712] manager: (lo): new Generic device (/org/freedesktop/NetworkManager/Devices/1)
Mar 18 17:18:59 allan NetworkManager[552]: <info>  [1710753539.3732] manager: (enp0s3): new Ethernet device (/org/freedesktop/NetworkManager/Devices/2)
Mar 18 17:18:59 allan NetworkManager[552]: <info>  [1710753539.3766] keyfile: add connection in-memory (ee01e7af-8dd4-3232-bfc7-2500500622c2,"Wired connection 1")
Mar 18 17:18:59 allan systemd[1]: Started Snap Daemon.
Mar 18 17:18:59 allan systemd[1]: Starting Wait until snapd is fully seeded...
Mar 18 17:18:59 allan NetworkManager[552]: <info>  [1710753539.3810] settings: (enp0s3): created default wired connection 'Wired connection 1'
Mar 18 17:18:59 allan networkd-dispatcher[440]: WARNING: systemd-networkd is not running, output will be incomplete.
Mar 18 17:18:59 allan NetworkManager[552]: <info>  [1710753539.3947] device (enp0s3): state change: unmanaged -> unavailable (reason 'managed', sys-iface-state: 'external')
Mar 18 17:18:59 allan systemd[1]: Started Disk Manager.
Mar 18 17:18:59 allan systemd[1]: Started Dispatcher daemon for systemd-networkd.
Mar 18 17:18:59 allan udisksd[472]: Acquired the name org.freedesktop.UDisks2 on the system message bus
Mar 18 17:18:59 allan NetworkManager[552]: <info>  [1710753539.4235] modem-manager: ModemManager available
Mar 18 17:18:59 allan systemd[1]: Received SIGRTMIN+20 from PID 330 (plymouthd).
Mar 18 17:18:59 allan kernel: [    4.315384] snd_intel8x0 0000:00:05.0: white list rate for 1028:0177 is 48000
Mar 18 17:18:59 allan systemd[1]: Reached target Sound Card.
Mar 18 17:18:59 allan systemd-udevd[314]: Process '/usr/sbin/alsactl -E HOME=/run/alsa restore 0' failed with exit code 99.
Mar 18 17:18:59 allan systemd[1]: Created slice User Slice of gdm.
Mar 18 17:18:59 allan systemd[1]: Starting User Manager for UID 121...
Mar 18 17:18:59 allan systemd[1]: Started Session c1 of user gdm.
Mar 18 17:18:59 allan systemd[730]: Started Pending report trigger for Ubuntu Report.
Mar 18 17:18:59 allan systemd[730]: Listening on GnuPG network certificate management daemon.
Mar 18 17:18:59 allan systemd[730]: Listening on GnuPG cryptographic agent and passphrase cache.
Mar 18 17:18:59 allan systemd[730]: Reached target Timers.
Mar 18 17:18:59 allan systemd[730]: Listening on Sound System.
Mar 18 17:18:59 allan systemd[730]: Starting D-Bus User Message Bus Socket.
Mar 18 17:18:59 allan systemd[730]: Listening on GnuPG cryptographic agent (ssh-agent emulation).
Mar 18 17:18:59 allan systemd[730]: Listening on REST API socket for snapd user session agent.
Mar 18 17:18:59 allan systemd[730]: Listening on GnuPG cryptographic agent and passphrase cache (restricted).
Mar 18 17:18:59 allan systemd[730]: Reached target Paths.
Mar 18 17:18:59 allan systemd[730]: Listening on GnuPG cryptographic agent and passphrase cache (access for web browsers).
Mar 18 17:18:59 allan systemd[730]: Listening on D-Bus User Message Bus Socket.
Mar 18 17:18:59 allan systemd[730]: Reached target Sockets.
Mar 18 17:18:59 allan systemd[730]: Reached target Basic System.
Mar 18 17:18:59 allan systemd[730]: Reached target Default.
Mar 18 17:18:59 allan systemd[730]: Startup finished in 65ms.
Mar 18 17:18:59 allan systemd[1]: Started User Manager for UID 121.
Mar 18 17:18:59 allan systemd[730]: Started D-Bus User Message Bus.
Mar 18 17:18:59 allan dbus-daemon[744]: [session uid=121 pid=744] AppArmor D-Bus mediation is enabled
Mar 18 17:18:59 allan dbus-daemon[744]: [session uid=121 pid=744] Activating service name='org.freedesktop.secrets' requested by ':1.13' (uid=121 pid=752 comm="/usr/bin/python3 /usr/share/session-migration/scri" label="unconfined")
Mar 18 17:18:59 allan gnome-keyring-d[757]: couldn't access control socket: /run/user/121/keyring/control: No such file or directory
Mar 18 17:18:59 allan dbus-daemon[744]: [session uid=121 pid=744] Successfully activated service 'org.freedesktop.secrets'
Mar 18 17:19:00 allan avahi-daemon[455]: Server startup complete. Host name is allan.local. Local service cookie is 991334496.
Mar 18 17:19:00 allan dbus-daemon[495]: [system] Activating via systemd: service name='org.freedesktop.UPower' unit='upower.service' requested by ':1.26' (uid=121 pid=762 comm="/usr/bin/gnome-shell " label="unconfined")
Mar 18 17:19:00 allan systemd[1]: Starting Daemon for power management...
Mar 18 17:19:00 allan dbus-daemon[495]: [system] Successfully activated service 'org.freedesktop.UPower'
Mar 18 17:19:00 allan systemd[1]: Started Daemon for power management.
Mar 18 17:19:00 allan org.gnome.Shell.desktop[762]: VMware: No 3D enabled (0, Success).
Mar 18 17:19:00 allan org.gnome.Shell.desktop[762]: libEGL warning: DRI2: failed to create dri screen
Mar 18 17:19:00 allan org.gnome.Shell.desktop[762]: libEGL warning: Not allowed to force software rendering when API explicitly selects a hardware device.
Mar 18 17:19:00 allan org.gnome.Shell.desktop[762]: VMware: No 3D enabled (0, Success).
Mar 18 17:19:00 allan org.gnome.Shell.desktop[762]: libEGL warning: DRI2: failed to create dri screen
Mar 18 17:19:00 allan org.gnome.Shell.desktop[762]: VMware: No 3D enabled (0, Success).
Mar 18 17:19:00 allan org.gnome.Shell.desktop[762]: Disabling glamor and dri3, EGL setup failed
Mar 18 17:19:00 allan org.gnome.Shell.desktop[762]: Failed to initialize glamor, falling back to sw
Mar 18 17:19:00 allan dbus-daemon[744]: [session uid=121 pid=744] Activating via systemd: service name='org.a11y.Bus' unit='at-spi-dbus-bus.service' requested by ':1.16' (uid=121 pid=762 comm="/usr/bin/gnome-shell " label="unconfined")
Mar 18 17:19:00 allan systemd[730]: Starting Accessibility services bus...
Mar 18 17:19:00 allan dbus-daemon[744]: [session uid=121 pid=744] Successfully activated service 'org.a11y.Bus'
Mar 18 17:19:00 allan systemd[730]: Started Accessibility services bus.
Mar 18 17:19:00 allan at-spi-bus-launcher[798]: dbus-daemon[803]: Activating service name='org.a11y.atspi.Registry' requested by ':1.0' (uid=121 pid=762 comm="/usr/bin/gnome-shell " label="unconfined")
Mar 18 17:19:00 allan at-spi-bus-launcher[798]: dbus-daemon[803]: Successfully activated service 'org.a11y.atspi.Registry'
Mar 18 17:19:00 allan at-spi-bus-launcher[798]: SpiRegistry daemon is running with well-known name - org.a11y.atspi.Registry
Mar 18 17:19:00 allan systemd[730]: Starting Sound Service...
Mar 18 17:19:00 allan dbus-daemon[495]: [system] Activating via systemd: service name='org.freedesktop.RealtimeKit1' unit='rtkit-daemon.service' requested by ':1.28' (uid=121 pid=809 comm="/usr/bin/pulseaudio --daemonize=no " label="unconfined")
Mar 18 17:19:00 allan systemd[1]: Starting RealtimeKit Scheduling Policy Service...
Mar 18 17:19:00 allan dbus-daemon[495]: [system] Successfully activated service 'org.freedesktop.RealtimeKit1'
Mar 18 17:19:00 allan systemd[1]: Started RealtimeKit Scheduling Policy Service.
Mar 18 17:19:00 allan rtkit-daemon[810]: Successfully called chroot.
Mar 18 17:19:00 allan rtkit-daemon[810]: Successfully dropped privileges.
Mar 18 17:19:00 allan rtkit-daemon[810]: Successfully limited resources.
Mar 18 17:19:00 allan rtkit-daemon[810]: Running.
Mar 18 17:19:00 allan rtkit-daemon[810]: Watchdog thread running.
Mar 18 17:19:00 allan rtkit-daemon[810]: Canary thread running.
Mar 18 17:19:01 allan pulseaudio[809]: N: [pulseaudio] alsa-util.c: Disabling timer-based scheduling because running inside a VM.
Mar 18 17:19:01 allan pulseaudio[809]: W: [pulseaudio] sink.c: Default and alternate sample rates are the same.
Mar 18 17:19:01 allan rtkit-daemon[810]: Supervising 0 threads of 0 processes of 1 users.
Mar 18 17:19:01 allan rtkit-daemon[810]: message repeated 4 times: [ Supervising 0 threads of 0 processes of 1 users.]
Mar 18 17:19:01 allan pulseaudio[809]: N: [pulseaudio] alsa-util.c: Disabling timer-based scheduling because running inside a VM.
Mar 18 17:19:01 allan rtkit-daemon[810]: Supervising 0 threads of 0 processes of 1 users.
Mar 18 17:19:01 allan rtkit-daemon[810]: message repeated 4 times: [ Supervising 0 threads of 0 processes of 1 users.]
Mar 18 17:19:01 allan dbus-daemon[495]: [system] Activating via systemd: service name='org.bluez' unit='dbus-org.bluez.service' requested by ':1.50' (uid=121 pid=809 comm="/usr/bin/pulseaudio --daemonize=no " label="unconfined")
Mar 18 17:19:01 allan systemd[730]: Started Sound Service.
Mar 18 17:19:01 allan NetworkManager[552]: <info>  [1710753541.4360] device (enp0s3): carrier: link connected
Mar 18 17:19:01 allan NetworkManager[552]: <info>  [1710753541.4364] device (enp0s3): state change: unavailable -> disconnected (reason 'carrier-changed', sys-iface-state: 'managed')
Mar 18 17:19:01 allan kernel: [    6.269833] e1000: enp0s3 NIC Link is Up 1000 Mbps Full Duplex, Flow Control: RX
Mar 18 17:19:01 allan kernel: [    6.270157] IPv6: ADDRCONF(NETDEV_CHANGE): enp0s3: link becomes ready
Mar 18 17:19:01 allan NetworkManager[552]: <info>  [1710753541.4380] policy: auto-activating connection 'Wired connection 1'
Mar 18 17:19:01 allan NetworkManager[552]: <info>  [1710753541.4389] device (enp0s3): Activation: starting connection 'Wired connection 1' (ee01e7af-8dd4-3232-bfc7-2500500622c2)
Mar 18 17:19:01 allan NetworkManager[552]: <info>  [1710753541.4391] device (enp0s3): state change: disconnected -> prepare (reason 'none', sys-iface-state: 'managed')
Mar 18 17:19:01 allan NetworkManager[552]: <info>  [1710753541.4393] manager: NetworkManager state is now CONNECTING
Mar 18 17:19:01 allan NetworkManager[552]: <info>  [1710753541.4395] device (enp0s3): state change: prepare -> config (reason 'none', sys-iface-state: 'managed')
Mar 18 17:19:01 allan NetworkManager[552]: <info>  [1710753541.4404] device (enp0s3): state change: config -> ip-config (reason 'none', sys-iface-state: 'managed')
Mar 18 17:19:01 allan NetworkManager[552]: <info>  [1710753541.4423] dhcp4 (enp0s3): activation: beginning transaction (timeout in 45 seconds)
Mar 18 17:19:01 allan NetworkManager[552]: <info>  [1710753541.4474] dhcp4 (enp0s3): dhclient started with pid 824
Mar 18 17:19:01 allan avahi-daemon[455]: Joining mDNS multicast group on interface enp0s3.IPv6 with address fe80::b4fd:313e:db88:7466.
Mar 18 17:19:01 allan avahi-daemon[455]: New relevant interface enp0s3.IPv6 for mDNS.
Mar 18 17:19:01 allan avahi-daemon[455]: Registering new address record for fe80::b4fd:313e:db88:7466 on enp0s3.*.
Mar 18 17:19:01 allan dhclient[824]: DHCPDISCOVER on enp0s3 to 255.255.255.255 port 67 interval 3 (xid=0x250ed62c)
Mar 18 17:19:01 allan dhclient[824]: DHCPREQUEST of 10.0.2.15 on enp0s3 to 255.255.255.255 port 67 (xid=0x2cd60e25)
Mar 18 17:19:01 allan dhclient[824]: DHCPOFFER of 10.0.2.15 from 10.0.2.2
Mar 18 17:19:01 allan dhclient[824]: DHCPACK of 10.0.2.15 from 10.0.2.2
Mar 18 17:19:01 allan NetworkManager[552]: <info>  [1710753541.5096] dhcp4 (enp0s3):   address 10.0.2.15
Mar 18 17:19:01 allan NetworkManager[552]: <info>  [1710753541.5098] dhcp4 (enp0s3):   plen 24 (255.255.255.0)
Mar 18 17:19:01 allan NetworkManager[552]: <info>  [1710753541.5098] dhcp4 (enp0s3):   gateway 10.0.2.2
Mar 18 17:19:01 allan NetworkManager[552]: <info>  [1710753541.5099] dhcp4 (enp0s3):   lease time 86400
Mar 18 17:19:01 allan NetworkManager[552]: <info>  [1710753541.5099] dhcp4 (enp0s3):   nameserver '1.1.1.1'
Mar 18 17:19:01 allan NetworkManager[552]: <info>  [1710753541.5099] dhcp4 (enp0s3):   nameserver '8.8.8.8'
Mar 18 17:19:01 allan NetworkManager[552]: <info>  [1710753541.5099] dhcp4 (enp0s3):   domain name 'www.tendawifi.com'
Mar 18 17:19:01 allan NetworkManager[552]: <info>  [1710753541.5099] dhcp4 (enp0s3): state changed unknown -> bound
Mar 18 17:19:01 allan avahi-daemon[455]: Joining mDNS multicast group on interface enp0s3.IPv4 with address 10.0.2.15.
Mar 18 17:19:01 allan avahi-daemon[455]: New relevant interface enp0s3.IPv4 for mDNS.
Mar 18 17:19:01 allan avahi-daemon[455]: Registering new address record for 10.0.2.15 on enp0s3.IPv4.
Mar 18 17:19:01 allan NetworkManager[552]: <info>  [1710753541.5121] device (enp0s3): state change: ip-config -> ip-check (reason 'none', sys-iface-state: 'managed')
Mar 18 17:19:01 allan NetworkManager[552]: <info>  [1710753541.5127] device (enp0s3): state change: ip-check -> secondaries (reason 'none', sys-iface-state: 'managed')
Mar 18 17:19:01 allan NetworkManager[552]: <info>  [1710753541.5129] device (enp0s3): state change: secondaries -> activated (reason 'none', sys-iface-state: 'managed')
Mar 18 17:19:01 allan NetworkManager[552]: <info>  [1710753541.5130] manager: NetworkManager state is now CONNECTED_LOCAL
Mar 18 17:19:01 allan NetworkManager[552]: <info>  [1710753541.5139] manager: NetworkManager state is now CONNECTED_SITE
Mar 18 17:19:01 allan NetworkManager[552]: <info>  [1710753541.5140] policy: set 'Wired connection 1' (enp0s3) as default for IPv4 routing and DNS
Mar 18 17:19:01 allan NetworkManager[552]: <info>  [1710753541.5143] device (enp0s3): Activation: successful, device activated.
Mar 18 17:19:01 allan NetworkManager[552]: <info>  [1710753541.5148] manager: startup complete
Mar 18 17:19:01 allan nm-dispatcher: req:2 'up' [enp0s3]: new request (1 scripts)
Mar 18 17:19:01 allan systemd[1]: Started Network Manager Wait Online.
Mar 18 17:19:01 allan nm-dispatcher: req:2 'up' [enp0s3]: start running ordered scripts...
Mar 18 17:19:01 allan systemd[1]: Reached target Network is Online.
Mar 18 17:19:01 allan systemd[1]: Starting Tool to automatically collect and submit kernel crash signatures...
Mar 18 17:19:01 allan systemd[1]: Started crash report submission daemon.
Mar 18 17:19:01 allan dhclient[824]: bound to 10.0.2.15 -- renewal in 35588 seconds.
Mar 18 17:19:01 allan systemd[1]: kerneloops.service: Found left-over process 850 (kerneloops) in control group while starting unit. Ignoring.
Mar 18 17:19:01 allan systemd[1]: This usually indicates unclean termination of a previous run, or service implementation deficiencies.
Mar 18 17:19:01 allan whoopsie[838]: [17:19:01] Using lock path: /var/lock/whoopsie/lock
Mar 18 17:19:01 allan systemd[1]: Started Tool to automatically collect and submit kernel crash signatures.
Mar 18 17:19:01 allan whoopsie[838]: [17:19:01] offline
Mar 18 17:19:01 allan dbus-daemon[495]: [system] Activating via systemd: service name='org.freedesktop.locale1' unit='dbus-org.freedesktop.locale1.service' requested by ':1.26' (uid=121 pid=762 comm="/usr/bin/gnome-shell " label="unconfined")
Mar 18 17:19:01 allan systemd[1]: Starting Locale Service...
Mar 18 17:19:01 allan dbus-daemon[495]: [system] Successfully activated service 'org.freedesktop.locale1'
Mar 18 17:19:01 allan systemd[1]: Started Locale Service.
Mar 18 17:19:01 allan ModemManager[417]: <info>  Couldn't check support for device '/sys/devices/pci0000:00/0000:00:03.0': not supported by any plugin
Mar 18 17:19:01 allan dbus-daemon[744]: [session uid=121 pid=744] Activating via systemd: service name='org.freedesktop.impl.portal.PermissionStore' unit='xdg-permission-store.service' requested by ':1.15' (uid=121 pid=762 comm="/usr/bin/gnome-shell " label="unconfined")
Mar 18 17:19:01 allan systemd[730]: Starting sandboxed app permission store...
Mar 18 17:19:01 allan dbus-daemon[744]: [session uid=121 pid=744] Successfully activated service 'org.freedesktop.impl.portal.PermissionStore'
Mar 18 17:19:01 allan systemd[730]: Started sandboxed app permission store.
Mar 18 17:19:02 allan dbus-daemon[744]: [session uid=121 pid=744] Activating service name='org.freedesktop.portal.IBus' requested by ':1.21' (uid=121 pid=890 comm="ibus-daemon --xim --panel disable " label="unconfined")
Mar 18 17:19:02 allan dbus-daemon[744]: [session uid=121 pid=744] Successfully activated service 'org.freedesktop.portal.IBus'
Mar 18 17:19:02 allan dbus-daemon[495]: [system] Activating via systemd: service name='org.freedesktop.GeoClue2' unit='geoclue.service' requested by ':1.26' (uid=121 pid=762 comm="/usr/bin/gnome-shell " label="unconfined")
Mar 18 17:19:02 allan systemd[1]: Starting Location Lookup Service...
Mar 18 17:19:02 allan dbus-daemon[495]: [system] Activating via systemd: service name='org.freedesktop.bolt' unit='bolt.service' requested by ':1.26' (uid=121 pid=762 comm="/usr/bin/gnome-shell " label="unconfined")
Mar 18 17:19:02 allan systemd[1]: Starting Thunderbolt system service...
Mar 18 17:19:02 allan boltd[927]: bolt 0.5 starting up.
Mar 18 17:19:02 allan dbus-daemon[495]: [system] Activating via systemd: service name='org.freedesktop.PackageKit' unit='packagekit.service' requested by ':1.26' (uid=121 pid=762 comm="/usr/bin/gnome-shell " label="unconfined")
Mar 18 17:19:02 allan systemd[1]: Starting PackageKit Daemon...
Mar 18 17:19:02 allan dbus-daemon[495]: [system] Successfully activated service 'org.freedesktop.GeoClue2'
Mar 18 17:19:02 allan systemd[1]: Started Location Lookup Service.
Mar 18 17:19:02 allan boltd[927]: config: loading user config
Mar 18 17:19:02 allan boltd[927]: bouncer: initializing polkit
Mar 18 17:19:02 allan boltd[927]: udev: initializing udev
Mar 18 17:19:02 allan boltd[927]: store: loading devices
Mar 18 17:19:02 allan boltd[927]: power: force power support: no
Mar 18 17:19:02 allan boltd[927]: udev: enumerating devices
Mar 18 17:19:02 allan dbus-daemon[495]: [system] Successfully activated service 'org.freedesktop.bolt'
Mar 18 17:19:02 allan systemd[1]: Started Thunderbolt system service.
Mar 18 17:19:02 allan PackageKit: daemon start
Mar 18 17:19:02 allan dbus-daemon[495]: [system] Successfully activated service 'org.freedesktop.PackageKit'
Mar 18 17:19:02 allan systemd[1]: Started PackageKit Daemon.
Mar 18 17:19:02 allan dbus-daemon[744]: [session uid=121 pid=744] Activating service name='ca.desrt.dconf' requested by ':1.38' (uid=121 pid=953 comm="/usr/lib/gnome-settings-daemon/gsd-keyboard " label="unconfined")
Mar 18 17:19:02 allan dbus-daemon[744]: [session uid=121 pid=744] Successfully activated service 'ca.desrt.dconf'
Mar 18 17:19:02 allan spice-vdagent[993]: Cannot access vdagent virtio channel /dev/virtio-ports/com.redhat.spice.0
Mar 18 17:19:02 allan gnome-session[746]: gnome-session-binary[746]: WARNING: App 'spice-vdagent.desktop' exited with code 1
Mar 18 17:19:02 allan gnome-session-binary[746]: WARNING: App 'spice-vdagent.desktop' exited with code 1
Mar 18 17:19:02 allan dbus-daemon[495]: [system] Activating via systemd: service name='org.freedesktop.ColorManager' unit='colord.service' requested by ':1.63' (uid=121 pid=943 comm="/usr/lib/gnome-settings-daemon/gsd-color " label="unconfined")
Mar 18 17:19:02 allan systemd[1]: Starting Manage, Install and Generate Color Profiles...
Mar 18 17:19:02 allan colord[1021]: failed to get edid data: EDID length is too small
Mar 18 17:19:02 allan dbus-daemon[495]: [system] Successfully activated service 'org.freedesktop.ColorManager'
Mar 18 17:19:02 allan systemd[1]: Started Manage, Install and Generate Color Profiles.
Mar 18 17:19:02 allan gnome-session-binary[746]: Entering running state
Mar 18 17:19:02 allan xbrlapi.desktop[1025]: openConnection: connect: No such file or directory
Mar 18 17:19:02 allan xbrlapi.desktop[1025]: cannot connect to braille devices daemon brltty at :0
Mar 18 17:19:03 allan colord-sane: [bjnp] create_broadcast_socket: ERROR - bind socket to local address failed - Cannot assign requested address
Mar 18 17:19:03 allan gnome-shell[762]: Error looking up permission: GDBus.Error:org.freedesktop.portal.Error.NotFound: No entry for geolocation
Mar 18 17:19:03 allan NetworkManager[552]: <info>  [1710753543.0692] manager: NetworkManager state is now CONNECTED_GLOBAL
Mar 18 17:19:03 allan nm-dispatcher: req:3 'connectivity-change': new request (1 scripts)
Mar 18 17:19:03 allan nm-dispatcher: req:3 'connectivity-change': start running ordered scripts...
Mar 18 17:19:03 allan whoopsie[838]: [17:19:03] The default IPv4 route is: /org/freedesktop/NetworkManager/ActiveConnection/1
Mar 18 17:19:03 allan whoopsie[838]: [17:19:03] Not a paid data plan: /org/freedesktop/NetworkManager/ActiveConnection/1
Mar 18 17:19:03 allan whoopsie[838]: [17:19:03] Found usable connection: /org/freedesktop/NetworkManager/ActiveConnection/1
Mar 18 17:19:03 allan whoopsie[838]: [17:19:03] online
Mar 18 17:19:03 allan gsd-color[943]: failed to get edid: unable to get EDID for output
Mar 18 17:19:03 allan gsd-color[943]: unable to get EDID for xrandr-Virtual-1: unable to get EDID for output
Mar 18 17:19:03 allan gnome-shell[762]: JS WARNING: [resource:///org/gnome/shell/ui/windowManager.js 1477]: reference to undefined property "MetaWindowXwayland"
Mar 18 17:19:03 allan gnome-shell[762]: Failed to flip: Device or resource busy
Mar 18 17:19:05 allan systemd[1]: Received SIGRTMIN+21 from PID 330 (plymouthd).
Mar 18 17:19:05 allan systemd[1]: Started Hold until boot process finishes up.
Mar 18 17:19:05 allan systemd[1]: Starting Set console scheme...
Mar 18 17:19:05 allan systemd[1]: Started Set console scheme.
Mar 18 17:19:05 allan systemd[1]: Created slice system-getty.slice.
Mar 18 17:19:08 allan systemd[1]: Reloading.
Mar 18 17:19:08 allan systemd[1]: Reloading.
Mar 18 17:19:08 allan systemd[1]: Mounting Mount unit for snapd, revision 12883...
Mar 18 17:19:08 allan systemd[1]: Mounted Mount unit for snapd, revision 12883.
Mar 18 17:19:09 allan upowerd[769]: treating change event as add on /sys/devices/pci0000:00/0000:00:0b.0/usb1
Mar 18 17:19:09 allan upowerd[769]: treating change event as add on /sys/devices/pci0000:00/0000:00:06.0/usb2
Mar 18 17:19:09 allan upowerd[769]: treating change event as add on /sys/devices/pci0000:00/0000:00:06.0/usb2/2-1
Mar 18 17:19:09 allan NetworkManager[552]: <info>  [1710753549.1094] device changed (path: /sys/devices/pci0000:00/0000:00:03.0/net/enp0s3, iface: enp0s3)
Mar 18 17:19:09 allan upowerd[769]: treating change event as add on /sys/devices/pci0000:00/0000:00:06.0/usb2/2-0:1.0
Mar 18 17:19:09 allan upowerd[769]: treating change event as add on /sys/devices/pci0000:00/0000:00:0b.0/usb1/1-0:1.0
Mar 18 17:19:09 allan upowerd[769]: treating change event as add on /sys/devices/pci0000:00/0000:00:06.0/usb2/2-1/2-1:1.0
Mar 18 17:19:09 allan upowerd[769]: treating change event as add on /sys/devices/pci0000:00/0000:00:06.0/usb2/2-1/2-1:1.0/0003:80EE:0021.0001
Mar 18 17:19:09 allan NetworkManager[552]: <info>  [1710753549.1867] device changed (path: /sys/devices/virtual/net/lo, iface: lo)
Mar 18 17:19:09 allan upowerd[769]: treating change event as add on /sys/devices/pci0000:00/0000:00:06.0/usb2/2-1/2-1:1.0/0003:80EE:0021.0001/input/input6
Mar 18 17:19:09 allan upowerd[769]: treating change event as add on /sys/devices/LNXSYSTM:00/LNXSYBUS:00/PNP0A03:00/LNXVIDEO:00/input/input4
